Archive member included to satisfy reference by file (symbol)

C:/ST/STM32CubeIDE_1.17.0/STM32CubeIDE/plugins/com.st.stm32cube.ide.mcu.externaltools.gnu-tools-for-stm32.12.3.rel1.win32_1.1.0.202410251130/tools/bin/../lib/gcc/arm-none-eabi/12.3.1/../../../../arm-none-eabi/lib/thumb/v7-m/nofp\libc_nano.a(libc_a-exit.o)
                              C:/ST/STM32CubeIDE_1.17.0/STM32CubeIDE/plugins/com.st.stm32cube.ide.mcu.externaltools.gnu-tools-for-stm32.12.3.rel1.win32_1.1.0.202410251130/tools/bin/../lib/gcc/arm-none-eabi/12.3.1/../../../../arm-none-eabi/lib/thumb/v7-m/nofp/crt0.o (exit)
C:/ST/STM32CubeIDE_1.17.0/STM32CubeIDE/plugins/com.st.stm32cube.ide.mcu.externaltools.gnu-tools-for-stm32.12.3.rel1.win32_1.1.0.202410251130/tools/bin/../lib/gcc/arm-none-eabi/12.3.1/../../../../arm-none-eabi/lib/thumb/v7-m/nofp\libc_nano.a(libc_a-findfp.o)
                              C:/ST/STM32CubeIDE_1.17.0/STM32CubeIDE/plugins/com.st.stm32cube.ide.mcu.externaltools.gnu-tools-for-stm32.12.3.rel1.win32_1.1.0.202410251130/tools/bin/../lib/gcc/arm-none-eabi/12.3.1/../../../../arm-none-eabi/lib/thumb/v7-m/nofp\libc_nano.a(libc_a-exit.o) (__stdio_exit_handler)
C:/ST/STM32CubeIDE_1.17.0/STM32CubeIDE/plugins/com.st.stm32cube.ide.mcu.externaltools.gnu-tools-for-stm32.12.3.rel1.win32_1.1.0.202410251130/tools/bin/../lib/gcc/arm-none-eabi/12.3.1/../../../../arm-none-eabi/lib/thumb/v7-m/nofp\libc_nano.a(libc_a-fwalk.o)
                              C:/ST/STM32CubeIDE_1.17.0/STM32CubeIDE/plugins/com.st.stm32cube.ide.mcu.externaltools.gnu-tools-for-stm32.12.3.rel1.win32_1.1.0.202410251130/tools/bin/../lib/gcc/arm-none-eabi/12.3.1/../../../../arm-none-eabi/lib/thumb/v7-m/nofp\libc_nano.a(libc_a-findfp.o) (_fwalk_sglue)
C:/ST/STM32CubeIDE_1.17.0/STM32CubeIDE/plugins/com.st.stm32cube.ide.mcu.externaltools.gnu-tools-for-stm32.12.3.rel1.win32_1.1.0.202410251130/tools/bin/../lib/gcc/arm-none-eabi/12.3.1/../../../../arm-none-eabi/lib/thumb/v7-m/nofp\libc_nano.a(libc_a-stdio.o)
                              C:/ST/STM32CubeIDE_1.17.0/STM32CubeIDE/plugins/com.st.stm32cube.ide.mcu.externaltools.gnu-tools-for-stm32.12.3.rel1.win32_1.1.0.202410251130/tools/bin/../lib/gcc/arm-none-eabi/12.3.1/../../../../arm-none-eabi/lib/thumb/v7-m/nofp\libc_nano.a(libc_a-findfp.o) (__sread)
C:/ST/STM32CubeIDE_1.17.0/STM32CubeIDE/plugins/com.st.stm32cube.ide.mcu.externaltools.gnu-tools-for-stm32.12.3.rel1.win32_1.1.0.202410251130/tools/bin/../lib/gcc/arm-none-eabi/12.3.1/../../../../arm-none-eabi/lib/thumb/v7-m/nofp\libc_nano.a(libc_a-memset.o)
                              C:/ST/STM32CubeIDE_1.17.0/STM32CubeIDE/plugins/com.st.stm32cube.ide.mcu.externaltools.gnu-tools-for-stm32.12.3.rel1.win32_1.1.0.202410251130/tools/bin/../lib/gcc/arm-none-eabi/12.3.1/../../../../arm-none-eabi/lib/thumb/v7-m/nofp/crt0.o (memset)
C:/ST/STM32CubeIDE_1.17.0/STM32CubeIDE/plugins/com.st.stm32cube.ide.mcu.externaltools.gnu-tools-for-stm32.12.3.rel1.win32_1.1.0.202410251130/tools/bin/../lib/gcc/arm-none-eabi/12.3.1/../../../../arm-none-eabi/lib/thumb/v7-m/nofp\libc_nano.a(libc_a-closer.o)
                              C:/ST/STM32CubeIDE_1.17.0/STM32CubeIDE/plugins/com.st.stm32cube.ide.mcu.externaltools.gnu-tools-for-stm32.12.3.rel1.win32_1.1.0.202410251130/tools/bin/../lib/gcc/arm-none-eabi/12.3.1/../../../../arm-none-eabi/lib/thumb/v7-m/nofp\libc_nano.a(libc_a-stdio.o) (_close_r)
C:/ST/STM32CubeIDE_1.17.0/STM32CubeIDE/plugins/com.st.stm32cube.ide.mcu.externaltools.gnu-tools-for-stm32.12.3.rel1.win32_1.1.0.202410251130/tools/bin/../lib/gcc/arm-none-eabi/12.3.1/../../../../arm-none-eabi/lib/thumb/v7-m/nofp\libc_nano.a(libc_a-reent.o)
                              C:/ST/STM32CubeIDE_1.17.0/STM32CubeIDE/plugins/com.st.stm32cube.ide.mcu.externaltools.gnu-tools-for-stm32.12.3.rel1.win32_1.1.0.202410251130/tools/bin/../lib/gcc/arm-none-eabi/12.3.1/../../../../arm-none-eabi/lib/thumb/v7-m/nofp\libc_nano.a(libc_a-closer.o) (errno)
C:/ST/STM32CubeIDE_1.17.0/STM32CubeIDE/plugins/com.st.stm32cube.ide.mcu.externaltools.gnu-tools-for-stm32.12.3.rel1.win32_1.1.0.202410251130/tools/bin/../lib/gcc/arm-none-eabi/12.3.1/../../../../arm-none-eabi/lib/thumb/v7-m/nofp\libc_nano.a(libc_a-impure.o)
                              C:/ST/STM32CubeIDE_1.17.0/STM32CubeIDE/plugins/com.st.stm32cube.ide.mcu.externaltools.gnu-tools-for-stm32.12.3.rel1.win32_1.1.0.202410251130/tools/bin/../lib/gcc/arm-none-eabi/12.3.1/../../../../arm-none-eabi/lib/thumb/v7-m/nofp\libc_nano.a(libc_a-reent.o) (_impure_ptr)
C:/ST/STM32CubeIDE_1.17.0/STM32CubeIDE/plugins/com.st.stm32cube.ide.mcu.externaltools.gnu-tools-for-stm32.12.3.rel1.win32_1.1.0.202410251130/tools/bin/../lib/gcc/arm-none-eabi/12.3.1/../../../../arm-none-eabi/lib/thumb/v7-m/nofp\libc_nano.a(libc_a-lseekr.o)
[...]
Memory Configuration

Name             Origin             Length             Attributes
RAM              0x20000000         0x00005000         xrw
FLASH            0x08000000         0x00020000         xr
*default*        0x00000000         0xffffffff

Linker script and memory map

LOAD C:/ST/STM32CubeIDE_1.17.0/STM32CubeIDE/plugins/com.st.stm32cube.ide.mcu.externaltools.gnu-tools-for-stm32.12.3.rel1.win32_1.1.0.202410251130/tools/bin/../lib/gcc/arm-none-eabi/12.3.1/thumb/v7-m/nofp/crti.o
LOAD C:/ST/STM32CubeIDE_1.17.0/STM32CubeIDE/plugins/com.st.stm32cube.ide.mcu.externaltools.gnu-tools-for-stm32.12.3.rel1.win32_1.1.0.202410251130/tools/bin/../lib/gcc/arm-none-eabi/12.3.1/thumb/v7-m/nofp/crtbegin.o
LOAD C:/ST/STM32CubeIDE_1.17.0/STM32CubeIDE/plugins/com.st.stm32cube.ide.mcu.externaltools.gnu-tools-for-stm32.12.3.rel1.win32_1.1.0.202410251130/tools/bin/../lib/gcc/arm-none-eabi/12.3.1/../../../../arm-none-eabi/lib/thumb/v7-m/nofp/crt0.o
LOAD ./Core/Src/DS1302.o
LOAD ./Core/Src/i2c-lcd.o
LOAD ./Core/Src/main.o
LOAD ./Core/Src/state_machine.o
LOAD ./Core/Src/stm32f1xx_hal_msp.o
LOAD ./Core/Src/stm32f1xx_it.o
LOAD ./Core/Src/syscalls.o
LOAD ./Core/Src/sysmem.o
LOAD ./Core/Src/system_stm32f1xx.o
LOAD ./Core/Src/utils.o
LOAD ./Core/Startup/startup_stm32f103rbtx.o
LOAD ./Drivers/STM32F1xx_HAL_Driver/Src/stm32f1xx_hal.o
LOAD ./Drivers/STM32F1xx_HAL_Driver/Src/stm32f1xx_hal_cortex.o
LOAD ./Drivers/STM32F1xx_HAL_Driver/Src/stm32f1xx_hal_dma.o
LOAD ./Drivers/STM32F1xx_HAL_Driver/Src/stm32f1xx_hal_exti.o
LOAD ./Drivers/STM32F1xx_HAL_Driver/Src/stm32f1xx_hal_flash.o
LOAD ./Drivers/STM32F1xx_HAL_Driver/Src/stm32f1xx_hal_flash_ex.o
LOAD ./Drivers/STM32F1xx_HAL_Driver/Src/stm32f1xx_hal_gpio.o
LOAD ./Drivers/STM32F1xx_HAL_Driver/Src/stm32f1xx_hal_gpio_ex.o
LOAD ./Drivers/STM32F1xx_HAL_Driver/Src/stm32f1xx_hal_i2c.o
LOAD ./Drivers/STM32F1xx_HAL_Driver/Src/stm32f1xx_hal_pwr.o
LOAD ./Drivers/STM32F1xx_HAL_Driver/Src/stm32f1xx_hal_rcc.o
LOAD ./Drivers/STM32F1xx_HAL_Driver/Src/stm32f1xx_hal_rcc_ex.o
LOAD ./Drivers/STM32F1xx_HAL_Driver/Src/stm32f1xx_hal_rtc.o
LOAD ./Drivers/STM32F1xx_HAL_Driver/Src/stm32f1xx_hal_rtc_ex.o
LOAD ./Drivers/STM32F1xx_HAL_Driver/Src/stm32f1xx_hal_tim.o
LOAD ./Drivers/STM32F1xx_HAL_Driver/Src/stm32f1xx_hal_tim_ex.o
LOAD ./Drivers/STM32F1xx_HAL_Driver/Src/stm32f1xx_hal_uart.o
START GROUP
LOAD C:/ST/STM32CubeIDE_1.17.0/STM32CubeIDE/plugins/com.st.stm32cube.ide.mcu.externaltools.gnu-tools-for-stm32.12.3.rel1.win32_1.1.0.202410251130/tools/bin/../lib/gcc/arm-none-eabi/12.3.1/../../../../arm-none-eabi/lib/thumb/v7-m/nofp\libc_nano.a
LOAD C:/ST/STM32CubeIDE_1.17.0/STM32CubeIDE/plugins/com.st.stm32cube.ide.mcu.externaltools.gnu-tools-for-stm32.12.3.rel1.win32_1.1.0.202410251130/tools/bin/../lib/gcc/arm-none-eabi/12.3.1/../../../../arm-none-eabi/lib/thumb/v7-m/nofp\libm.a
END GROUP
START GROUP
LOAD C:/ST/STM32CubeIDE_1.17.0/STM32CubeIDE/plugins/com.st.stm32cube.ide.mcu.externaltools.gnu-tools-for-stm32.12.3.rel1.win32_1.1.0.202410251130/tools/bin/../lib/gcc/arm-none-eabi/12.3.1/thumb/v7-m/nofp\libgcc.a
LOAD C:/ST/STM32CubeIDE_1.17.0/STM32CubeIDE/plugins/com.st.stm32cube.ide.mcu.externaltools.gnu-tools-for-stm32.12.3.rel1.win32_1.1.0.202410251130/tools/bin/../lib/gcc/arm-none-eabi/12.3.1/../../../../arm-none-eabi/lib/thumb/v7-m/nofp\libc_nano.a
END GROUP
START GROUP
LOAD C:/ST/STM32CubeIDE_1.17.0/STM32CubeIDE/plugins/com.st.stm32cube.ide.mcu.externaltools.gnu-tools-for-stm32.12.3.rel1.win32_1.1.0.202410251130/tools/bin/../lib/gcc/arm-none-eabi/12.3.1/thumb/v7-m/nofp\libgcc.a
LOAD C:/ST/STM32CubeIDE_1.17.0/STM32CubeIDE/plugins/com.st.stm32cube.ide.mcu.externaltools.gnu-tools-for-stm32.12.3.rel1.win32_1.1.0.202410251130/tools/bin/../lib/gcc/arm-none-eabi/12.3.1/../../../../arm-none-eabi/lib/thumb/v7-m/nofp\libc_nano.a
LOAD C:/ST/STM32CubeIDE_1.17.0/STM32CubeIDE/plugins/com.st.stm32cube.ide.mcu.externaltools.gnu-tools-for-stm32.12.3.rel1.win32_1.1.0.202410251130/tools/bin/../lib/gcc/arm-none-eabi/12.3.1/../../../../arm-none-eabi/lib/thumb/v7-m/nofp\libnosys.a
END GROUP
START GROUP
LOAD C:/ST/STM32CubeIDE_1.17.0/STM32CubeIDE/plugins/com.st.stm32cube.ide.mcu.externaltools.gnu-tools-for-stm32.12.3.rel1.win32_1.1.0.202410251130/tools/bin/../lib/gcc/arm-none-eabi/12.3.1/thumb/v7-m/nofp\libgcc.a
LOAD C:/ST/STM32CubeIDE_1.17.0/STM32CubeIDE/plugins/com.st.stm32cube.ide.mcu.externaltools.gnu-tools-for-stm32.12.3.rel1.win32_1.1.0.202410251130/tools/bin/../lib/gcc/arm-none-eabi/12.3.1/../../../../arm-none-eabi/lib/thumb/v7-m/nofp\libc_nano.a
LOAD C:/ST/STM32CubeIDE_1.17.0/STM32CubeIDE/plugins/com.st.stm32cube.ide.mcu.externaltools.gnu-tools-for-stm32.12.3.rel1.win32_1.1.0.202410251130/tools/bin/../lib/gcc/arm-none-eabi/12.3.1/../../../../arm-none-eabi/lib/thumb/v7-m/nofp\libnosys.a
END GROUP
LOAD C:/ST/STM32CubeIDE_1.17.0/STM32CubeIDE/plugins/com.st.stm32cube.ide.mcu.externaltools.gnu-tools-for-stm32.12.3.rel1.win32_1.1.0.202410251130/tools/bin/../lib/gcc/arm-none-eabi/12.3.1/thumb/v7-m/nofp/crtend.o
LOAD C:/ST/STM32CubeIDE_1.17.0/STM32CubeIDE/plugins/com.st.stm32cube.ide.mcu.externaltools.gnu-tools-for-stm32.12.3.rel1.win32_1.1.0.202410251130/tools/bin/../lib/gcc/arm-none-eabi/12.3.1/thumb/v7-m/nofp/crtn.o
                0x20005000                        _estack = (ORIGIN (RAM) + LENGTH (RAM))
                0x00000200                        _Min_Heap_Size = 0x200
                0x00000400                        _Min_Stack_Size = 0x400

.isr_vector     0x08000000      0x10c
                0x08000000                        . = ALIGN (0x4)
 *(.isr_vector)
 .isr_vector    0x08000000      0x10c ./Core/Startup/startup_stm32f103rbtx.o
                0x08000000                g_pfnVectors
                0x0800010c                        . = ALIGN (0x4)

.text           0x0800010c     0x5234
                0x0800010c                        . = ALIGN (0x4)
 *(.text)
 .text          0x0800010c       0x40 C:/ST/STM32CubeIDE_1.17.0/STM32CubeIDE/plugins/com.st.stm32cube.ide.mcu.externaltools.gnu-tools-for-stm32.12.3.rel1.win32_1.1.0.202410251130/tools/bin/../lib/gcc/arm-none-eabi/12.3.1/thumb/v7-m/nofp/crtbegin.o
 *(.text*)
 .text.delayUS_DWT
                0x0800014c       0x48 ./Core/Src/DS1302.o
 .text.dwt_init
                0x08000194       0x34 ./Core/Src/DS1302.o
                0x08000194                dwt_init
 .text.writeSDA
                0x080001c8       0x28 ./Core/Src/DS1302.o
 .text.readSDA  0x080001f0       0x2c ./Core/Src/DS1302.o
 .text.DS1302_SendCmd
                0x0800021c       0x64 ./Core/Src/DS1302.o
 .text.DS1302_ReadByte
                0x08000280       0xa4 ./Core/Src/DS1302.o
 .text.DS1302_ReadTime
                0x08000324      0x148 ./Core/Src/DS1302.o
                0x08000324                DS1302_ReadTime
 .text.DS1302_Init
                0x0800046c       0x34 ./Core/Src/DS1302.o
                0x0800046c                DS1302_Init
 .text.lcd_send_cmd
                0x080004a0       0x60 ./Core/Src/i2c-lcd.o
                0x080004a0                lcd_send_cmd
 .text.lcd_send_data
                0x08000500       0x60 ./Core/Src/i2c-lcd.o
                0x08000500                lcd_send_data
 .text.lcd_clear
                0x08000560       0x2e ./Core/Src/i2c-lcd.o
                0x08000560                lcd_clear
 .text.lcd_init
                0x0800058e       0x74 ./Core/Src/i2c-lcd.o
                0x0800058e                lcd_init
 .text.lcd_send_string
                0x08000602       0x2a ./Core/Src/i2c-lcd.o
                0x08000602                lcd_send_string
 .text.main     0x0800062c       0x50 ./Core/Src/main.o
                0x0800062c                main
 .text.SystemClock_Config
                0x0800067c       0xb2 ./Core/Src/main.o
                0x0800067c                SystemClock_Config
 *fill*         0x0800072e        0x2 
 .text.MX_I2C1_Init
                0x08000730       0x5c ./Core/Src/main.o
 .text.MX_RTC_Init
                0x0800078c       0x94 ./Core/Src/main.o
 .text.MX_TIM2_Init
                0x08000820       0x98 ./Core/Src/main.o
 .text.MX_TIM3_Init
                0x080008b8       0x9c ./Core/Src/main.o
 .text.MX_USART2_UART_Init
                0x08000954       0x54 ./Core/Src/main.o
 .text.MX_GPIO_Init
                0x080009a8      0x10c ./Core/Src/main.o
 .text.triggerOnce
                0x08000ab4       0x2c ./Core/Src/main.o
                0x08000ab4                triggerOnce
 .text.setTimerInterval
                0x08000ae0       0x3c ./Core/Src/main.o
                0x08000ae0                setTimerInterval
 .text.HAL_TIM_PeriodElapsedCallback
                0x08000b1c       0x3c ./Core/Src/main.o
                0x08000b1c                HAL_TIM_PeriodElapsedCallback
 .text.read_button_pin
                0x08000b58       0x68 ./Core/Src/main.o
                0x08000b58                read_button_pin
 .text.debounce_buttons
                0x08000bc0       0x90 ./Core/Src/main.o
                0x08000bc0                debounce_buttons
 .text.Error_Handler
                0x08000c50        0xc ./Core/Src/main.o
                0x08000c50                Error_Handler
 .text.handle_event
                0x08000c5c      0x660 ./Core/Src/state_machine.o
                0x08000c5c                handle_event
 .text.setTimeDate
                0x080012bc       0x9c ./Core/Src/state_machine.o
                0x080012bc                setTimeDate
 .text.setTimeDateFromExtRTC
                0x08001358       0x78 ./Core/Src/state_machine.o
                0x08001358                setTimeDateFromExtRTC
 .text.HAL_MspInit
                0x080013d0       0x64 ./Core/Src/stm32f1xx_hal_msp.o
                0x080013d0                HAL_MspInit
 .text.HAL_I2C_MspInit
                0x08001434       0xa0 ./Core/Src/stm32f1xx_hal_msp.o
                0x08001434                HAL_I2C_MspInit
 .text.HAL_RTC_MspInit
                0x080014d4       0x48 ./Core/Src/stm32f1xx_hal_msp.o
                0x080014d4                HAL_RTC_MspInit
 .text.HAL_TIM_Base_MspInit
                0x0800151c       0x80 ./Core/Src/stm32f1xx_hal_msp.o
                0x0800151c                HAL_TIM_Base_MspInit
 .text.HAL_UART_MspInit
                0x0800159c       0x94 ./Core/Src/stm32f1xx_hal_msp.o
                0x0800159c                HAL_UART_MspInit
 .text.NMI_Handler
                0x08001630        0x8 ./Core/Src/stm32f1xx_it.o
                0x08001630                NMI_Handler
 .text.HardFault_Handler
                0x08001638        0x8 ./Core/Src/stm32f1xx_it.o
                0x08001638                HardFault_Handler
 .text.MemManage_Handler
                0x08001640        0x8 ./Core/Src/stm32f1xx_it.o
                0x08001640                MemManage_Handler
 .text.BusFault_Handler
                0x08001648        0x8 ./Core/Src/stm32f1xx_it.o
                0x08001648                BusFault_Handler
 .text.UsageFault_Handler
                0x08001650        0x8 ./Core/Src/stm32f1xx_it.o
                0x08001650                UsageFault_Handler
 .text.SVC_Handler
                0x08001658        0xc ./Core/Src/stm32f1xx_it.o
                0x08001658                SVC_Handler
 .text.DebugMon_Handler
                0x08001664        0xc ./Core/Src/stm32f1xx_it.o
                0x08001664                DebugMon_Handler
 .text.PendSV_Handler
                0x08001670        0xc ./Core/Src/stm32f1xx_it.o
                0x08001670                PendSV_Handler
 .text.SysTick_Handler
                0x0800167c        0xc ./Core/Src/stm32f1xx_it.o
                0x0800167c                SysTick_Handler
 .text.TIM2_IRQHandler
                0x08001688       0x14 ./Core/Src/stm32f1xx_it.o
                0x08001688                TIM2_IRQHandler
 .text.TIM3_IRQHandler
                0x0800169c       0x14 ./Core/Src/stm32f1xx_it.o
                0x0800169c                TIM3_IRQHandler
 .text.EXTI15_10_IRQHandler
                0x080016b0       0x10 ./Core/Src/stm32f1xx_it.o
                0x080016b0                EXTI15_10_IRQHandler
 .text.SystemInit
                0x080016c0        0xc ./Core/Src/system_stm32f1xx.o
                0x080016c0                SystemInit
 .text.itoa     0x080016cc       0xb4 ./Core/Src/utils.o
                0x080016cc                itoa
 .text.showDateAndTime
                0x08001780      0x224 ./Core/Src/utils.o
                0x08001780                showDateAndTime
 .text.handleLCDMonitor
                0x080019a4       0xc0 ./Core/Src/utils.o
                0x080019a4                handleLCDMonitor
 .text.handleIdleLCDMonitor
                0x08001a64      0x124 ./Core/Src/utils.o
                0x08001a64                handleIdleLCDMonitor
 .text.handleFeedLCDMonitor
                0x08001b88       0x38 ./Core/Src/utils.o
                0x08001b88                handleFeedLCDMonitor
 .text.handleMainManuLCDMonitor
                0x08001bc0       0x38 ./Core/Src/utils.o
                0x08001bc0                handleMainManuLCDMonitor
 .text.handleFeedHourLCDMonitor
                0x08001bf8       0x2c ./Core/Src/utils.o
                0x08001bf8                handleFeedHourLCDMonitor
 .text.handleFeedMinuteLCDMonitor
                0x08001c24       0x2c ./Core/Src/utils.o
                0x08001c24                handleFeedMinuteLCDMonitor
 .text.handleFeedSecondLCDMonitor
                0x08001c50       0x2c ./Core/Src/utils.o
                0x08001c50                handleFeedSecondLCDMonitor
 .text.handleTimeHourLCDMonitor
                0x08001c7c       0x2c ./Core/Src/utils.o
                0x08001c7c                handleTimeHourLCDMonitor
 .text.handleTimeMinuteLCDMonitor
                0x08001ca8       0x2c ./Core/Src/utils.o
                0x08001ca8                handleTimeMinuteLCDMonitor
 .text.handleTimeSecondLCDMonitor
                0x08001cd4       0x2c ./Core/Src/utils.o
                0x08001cd4                handleTimeSecondLCDMonitor
 .text.handleFeedPeriodLCDMonitor
                0x08001d00       0xd0 ./Core/Src/utils.o
                0x08001d00                handleFeedPeriodLCDMonitor
 .text.handleYearLCDMonitor
                0x08001dd0       0x2c ./Core/Src/utils.o
                0x08001dd0                handleYearLCDMonitor
 .text.handleMonthLCDMonitor
                0x08001dfc       0x2c ./Core/Src/utils.o
                0x08001dfc                handleMonthLCDMonitor
 .text.handleDayLCDMonitor
                0x08001e28       0x2c ./Core/Src/utils.o
                0x08001e28                handleDayLCDMonitor
 .text.showSelectedTime
                0x08001e54      0x10c ./Core/Src/utils.o
                0x08001e54                showSelectedTime
 .text.showSelectedFeedTime
                0x08001f60      0x10c ./Core/Src/utils.o
                0x08001f60                showSelectedFeedTime
 .text.showSelectedDate
                0x0800206c      0x10c ./Core/Src/utils.o
                0x0800206c                showSelectedDate
 .text.checkIfIsTimeToFeed
                0x08002178       0x6c ./Core/Src/utils.o
                0x08002178                checkIfIsTimeToFeed
 .text.startFeeding
                0x080021e4       0x1c ./Core/Src/utils.o
                0x080021e4                startFeeding
 .text.stopFeeding
                0x08002200       0x1c ./Core/Src/utils.o
                0x08002200                stopFeeding
 .text.Reset_Handler
                0x0800221c       0x48 ./Core/Startup/startup_stm32f103rbtx.o
                0x0800221c                Reset_Handler
 .text.Default_Handler
                0x08002264        0x2 ./Core/Startup/startup_stm32f103rbtx.o
                0x08002264                RTC_Alarm_IRQHandler
                0x08002264                EXTI2_IRQHandler
                0x08002264                TIM1_CC_IRQHandler
                0x08002264                PVD_IRQHandler
                0x08002264                EXTI3_IRQHandler
                0x08002264                EXTI0_IRQHandler
                0x08002264                I2C2_EV_IRQHandler
                0x08002264                ADC1_2_IRQHandler
                0x08002264                SPI1_IRQHandler
                0x08002264                TAMPER_IRQHandler
                0x08002264                DMA1_Channel4_IRQHandler
                0x08002264                USART3_IRQHandler
                0x08002264                RTC_IRQHandler
                0x08002264                DMA1_Channel7_IRQHandler
                0x08002264                CAN1_RX1_IRQHandler
                0x08002264                TIM4_IRQHandler
                0x08002264                I2C1_EV_IRQHandler
                0x08002264                DMA1_Channel6_IRQHandler
                0x08002264                RCC_IRQHandler
                0x08002264                TIM1_TRG_COM_IRQHandler
                0x08002264                DMA1_Channel1_IRQHandler
                0x08002264                Default_Handler
                0x08002264                EXTI9_5_IRQHandler
                0x08002264                SPI2_IRQHandler
                0x08002264                DMA1_Channel5_IRQHandler
                0x08002264                EXTI4_IRQHandler
                0x08002264                USB_LP_CAN1_RX0_IRQHandler
                0x08002264                USB_HP_CAN1_TX_IRQHandler
                0x08002264                DMA1_Channel3_IRQHandler
                0x08002264                TIM1_UP_IRQHandler
                0x08002264                WWDG_IRQHandler
                0x08002264                TIM1_BRK_IRQHandler
                0x08002264                EXTI1_IRQHandler
                0x08002264                USART2_IRQHandler
                0x08002264                I2C2_ER_IRQHandler
                0x08002264                DMA1_Channel2_IRQHandler
                0x08002264                CAN1_SCE_IRQHandler
                0x08002264                FLASH_IRQHandler
                0x08002264                USART1_IRQHandler
                0x08002264                I2C1_ER_IRQHandler
                0x08002264                USBWakeUp_IRQHandler
 *fill*         0x08002266        0x2 
 .text.HAL_Init
                0x08002268       0x2c ./Drivers/STM32F1xx_HAL_Driver/Src/stm32f1xx_hal.o
                0x08002268                HAL_Init
 .text.HAL_InitTick
                0x08002294       0x60 ./Drivers/STM32F1xx_HAL_Driver/Src/stm32f1xx_hal.o
                0x08002294                HAL_InitTick
 .text.HAL_IncTick
                0x080022f4       0x24 ./Drivers/STM32F1xx_HAL_Driver/Src/stm32f1xx_hal.o
                0x080022f4                HAL_IncTick
 .text.HAL_GetTick
                0x08002318       0x14 ./Drivers/STM32F1xx_HAL_Driver/Src/stm32f1xx_hal.o
                0x08002318                HAL_GetTick
 .text.HAL_Delay
                0x0800232c       0x48 ./Drivers/STM32F1xx_HAL_Driver/Src/stm32f1xx_hal.o
                0x0800232c                HAL_Delay
 .text.__NVIC_SetPriorityGrouping
                0x08002374       0x48 ./Drivers/STM32F1xx_HAL_Driver/Src/stm32f1xx_hal_cortex.o
 .text.__NVIC_GetPriorityGrouping
                0x080023bc       0x1c ./Drivers/STM32F1xx_HAL_Driver/Src/stm32f1xx_hal_cortex.o
 .text.__NVIC_EnableIRQ
                0x080023d8       0x38 ./Drivers/STM32F1xx_HAL_Driver/Src/stm32f1xx_hal_cortex.o
 .text.__NVIC_SetPriority
                0x08002410       0x54 ./Drivers/STM32F1xx_HAL_Driver/Src/stm32f1xx_hal_cortex.o
 .text.NVIC_EncodePriority
                0x08002464       0x64 ./Drivers/STM32F1xx_HAL_Driver/Src/stm32f1xx_hal_cortex.o
 .text.SysTick_Config
                0x080024c8       0x44 ./Drivers/STM32F1xx_HAL_Driver/Src/stm32f1xx_hal_cortex.o
 .text.HAL_NVIC_SetPriorityGrouping
                0x0800250c       0x16 ./Drivers/STM32F1xx_HAL_Driver/Src/stm32f1xx_hal_cortex.o
                0x0800250c                HAL_NVIC_SetPriorityGrouping
 .text.HAL_NVIC_SetPriority
                0x08002522       0x38 ./Drivers/STM32F1xx_HAL_Driver/Src/stm32f1xx_hal_cortex.o
                0x08002522                HAL_NVIC_SetPriority
 .text.HAL_NVIC_EnableIRQ
                0x0800255a       0x1c ./Drivers/STM32F1xx_HAL_Driver/Src/stm32f1xx_hal_cortex.o
                0x0800255a                HAL_NVIC_EnableIRQ
 .text.HAL_SYSTICK_Config
                0x08002576       0x18 ./Drivers/STM32F1xx_HAL_Driver/Src/stm32f1xx_hal_cortex.o
                0x08002576                HAL_SYSTICK_Config
 *fill*         0x0800258e        0x2 
 .text.HAL_GPIO_Init
                0x08002590      0x308 ./Drivers/STM32F1xx_HAL_Driver/Src/stm32f1xx_hal_gpio.o
                0x08002590                HAL_GPIO_Init
 .text.HAL_GPIO_ReadPin
                0x08002898       0x2e ./Drivers/STM32F1xx_HAL_Driver/Src/stm32f1xx_hal_gpio.o
                0x08002898                HAL_GPIO_ReadPin
 .text.HAL_GPIO_WritePin
                0x080028c6       0x30 ./Drivers/STM32F1xx_HAL_Driver/Src/stm32f1xx_hal_gpio.o
                0x080028c6                HAL_GPIO_WritePin
 *fill*         0x080028f6        0x2 
 .text.HAL_GPIO_EXTI_IRQHandler
                0x080028f8       0x30 ./Drivers/STM32F1xx_HAL_Driver/Src/stm32f1xx_hal_gpio.o
                0x080028f8                HAL_GPIO_EXTI_IRQHandler
 .text.HAL_GPIO_EXTI_Callback
                0x08002928       0x14 ./Drivers/STM32F1xx_HAL_Driver/Src/stm32f1xx_hal_gpio.o
                0x08002928                HAL_GPIO_EXTI_Callback
 .text.HAL_I2C_Init
                0x0800293c      0x288 ./Drivers/STM32F1xx_HAL_Driver/Src/stm32f1xx_hal_i2c.o
                0x0800293c                HAL_I2C_Init
 .text.HAL_I2C_Master_Transmit
                0x08002bc4      0x1fc ./Drivers/STM32F1xx_HAL_Driver/Src/stm32f1xx_hal_i2c.o
                0x08002bc4                HAL_I2C_Master_Transmit
 .text.I2C_MasterRequestWrite
                0x08002dc0      0x104 ./Drivers/STM32F1xx_HAL_Driver/Src/stm32f1xx_hal_i2c.o
 .text.I2C_WaitOnFlagUntilTimeout
                0x08002ec4       0xf4 ./Drivers/STM32F1xx_HAL_Driver/Src/stm32f1xx_hal_i2c.o
 .text.I2C_WaitOnMasterAddressFlagUntilTimeout
                0x08002fb8      0x140 ./Drivers/STM32F1xx_HAL_Driver/Src/stm32f1xx_hal_i2c.o
 .text.I2C_WaitOnTXEFlagUntilTimeout
                0x080030f8       0x90 ./Drivers/STM32F1xx_HAL_Driver/Src/stm32f1xx_hal_i2c.o
 .text.I2C_WaitOnBTFFlagUntilTimeout
                0x08003188       0x90 ./Drivers/STM32F1xx_HAL_Driver/Src/stm32f1xx_hal_i2c.o
 .text.I2C_IsAcknowledgeFailed
                0x08003218       0x5c ./Drivers/STM32F1xx_HAL_Driver/Src/stm32f1xx_hal_i2c.o
 .text.HAL_PWR_EnableBkUpAccess
                0x08003274       0x18 ./Drivers/STM32F1xx_HAL_Driver/Src/stm32f1xx_hal_pwr.o
                0x08003274                HAL_PWR_EnableBkUpAccess
 .text.HAL_RCC_OscConfig
                0x0800328c      0x504 ./Drivers/STM32F1xx_HAL_Driver/Src/stm32f1xx_hal_rcc.o
                0x0800328c                HAL_RCC_OscConfig
 .text.HAL_RCC_ClockConfig
                0x08003790      0x1d4 ./Drivers/STM32F1xx_HAL_Driver/Src/stm32f1xx_hal_rcc.o
                0x08003790                HAL_RCC_ClockConfig
 .text.HAL_RCC_GetSysClockFreq
                0x08003964       0xa8 ./Drivers/STM32F1xx_HAL_Driver/Src/stm32f1xx_hal_rcc.o
                0x08003964                HAL_RCC_GetSysClockFreq
 .text.HAL_RCC_GetHCLKFreq
                0x08003a0c       0x14 ./Drivers/STM32F1xx_HAL_Driver/Src/stm32f1xx_hal_rcc.o
                0x08003a0c                HAL_RCC_GetHCLKFreq
 .text.HAL_RCC_GetPCLK1Freq
                0x08003a20       0x28 ./Drivers/STM32F1xx_HAL_Driver/Src/stm32f1xx_hal_rcc.o
                0x08003a20                HAL_RCC_GetPCLK1Freq
 .text.HAL_RCC_GetPCLK2Freq
                0x08003a48       0x28 ./Drivers/STM32F1xx_HAL_Driver/Src/stm32f1xx_hal_rcc.o
                0x08003a48                HAL_RCC_GetPCLK2Freq
 .text.RCC_Delay
                0x08003a70       0x3c ./Drivers/STM32F1xx_HAL_Driver/Src/stm32f1xx_hal_rcc.o
 .text.HAL_RCCEx_PeriphCLKConfig
                0x08003aac      0x16c ./Drivers/STM32F1xx_HAL_Driver/Src/stm32f1xx_hal_rcc_ex.o
                0x08003aac                HAL_RCCEx_PeriphCLKConfig
 .text.HAL_RCCEx_GetPeriphCLKFreq
                0x08003c18      0x16c ./Drivers/STM32F1xx_HAL_Driver/Src/stm32f1xx_hal_rcc_ex.o
                0x08003c18                HAL_RCCEx_GetPeriphCLKFreq
 .text.HAL_RTC_Init
                0x08003d84      0x118 ./Drivers/STM32F1xx_HAL_Driver/Src/stm32f1xx_hal_rtc.o
                0x08003d84                HAL_RTC_Init
 .text.HAL_RTC_SetTime
                0x08003e9c      0x12e ./Drivers/STM32F1xx_HAL_Driver/Src/stm32f1xx_hal_rtc.o
                0x08003e9c                HAL_RTC_SetTime
 *fill*         0x08003fca        0x2 
 .text.HAL_RTC_GetTime
                0x08003fcc      0x1b0 ./Drivers/STM32F1xx_HAL_Driver/Src/stm32f1xx_hal_rtc.o
                0x08003fcc                HAL_RTC_GetTime
 .text.HAL_RTC_SetDate
                0x0800417c      0x16c ./Drivers/STM32F1xx_HAL_Driver/Src/stm32f1xx_hal_rtc.o
                0x0800417c                HAL_RTC_SetDate
 .text.HAL_RTC_GetDate
                0x080042e8       0xa8 ./Drivers/STM32F1xx_HAL_Driver/Src/stm32f1xx_hal_rtc.o
                0x080042e8                HAL_RTC_GetDate
 .text.HAL_RTC_WaitForSynchro
                0x08004390       0x5a ./Drivers/STM32F1xx_HAL_Driver/Src/stm32f1xx_hal_rtc.o
                0x08004390                HAL_RTC_WaitForSynchro
 .text.RTC_ReadTimeCounter
                0x080043ea       0x60 ./Drivers/STM32F1xx_HAL_Driver/Src/stm32f1xx_hal_rtc.o
 .text.RTC_WriteTimeCounter
                0x0800444a       0x4e ./Drivers/STM32F1xx_HAL_Driver/Src/stm32f1xx_hal_rtc.o
 .text.RTC_ReadAlarmCounter
                0x08004498       0x32 ./Drivers/STM32F1xx_HAL_Driver/Src/stm32f1xx_hal_rtc.o
 .text.RTC_WriteAlarmCounter
                0x080044ca       0x4e ./Drivers/STM32F1xx_HAL_Driver/Src/stm32f1xx_hal_rtc.o
 .text.RTC_EnterInitMode
                0x08004518       0x50 ./Drivers/STM32F1xx_HAL_Driver/Src/stm32f1xx_hal_rtc.o
 .text.RTC_ExitInitMode
                0x08004568       0x50 ./Drivers/STM32F1xx_HAL_Driver/Src/stm32f1xx_hal_rtc.o
 .text.RTC_ByteToBcd2
                0x080045b8       0x3a ./Drivers/STM32F1xx_HAL_Driver/Src/stm32f1xx_hal_rtc.o
 .text.RTC_Bcd2ToByte
                0x080045f2       0x3a ./Drivers/STM32F1xx_HAL_Driver/Src/stm32f1xx_hal_rtc.o
 .text.RTC_DateUpdate
                0x0800462c      0x152 ./Drivers/STM32F1xx_HAL_Driver/Src/stm32f1xx_hal_rtc.o
 *fill*         0x0800477e        0x2 
 .text.RTC_IsLeapYear
                0x08004780       0x64 ./Drivers/STM32F1xx_HAL_Driver/Src/stm32f1xx_hal_rtc.o
 .text.RTC_WeekDayNum
                0x080047e4       0xf0 ./Drivers/STM32F1xx_HAL_Driver/Src/stm32f1xx_hal_rtc.o
 .text.HAL_TIM_Base_Init
                0x080048d4       0x9e ./Drivers/STM32F1xx_HAL_Driver/Src/stm32f1xx_hal_tim.o
                0x080048d4                HAL_TIM_Base_Init
 *fill*         0x08004972        0x2 
 .text.HAL_TIM_Base_Start_IT
                0x08004974       0xa4 ./Drivers/STM32F1xx_HAL_Driver/Src/stm32f1xx_hal_tim.o
                0x08004974                HAL_TIM_Base_Start_IT
 .text.HAL_TIM_Base_Stop_IT
                0x08004a18       0x5c ./Drivers/STM32F1xx_HAL_Driver/Src/stm32f1xx_hal_tim.o
                0x08004a18                HAL_TIM_Base_Stop_IT
 .text.HAL_TIM_IRQHandler
                0x08004a74      0x1e0 ./Drivers/STM32F1xx_HAL_Driver/Src/stm32f1xx_hal_tim.o
                0x08004a74                HAL_TIM_IRQHandler
 .text.HAL_TIM_ConfigClockSource
                0x08004c54      0x18e ./Drivers/STM32F1xx_HAL_Driver/Src/stm32f1xx_hal_tim.o
                0x08004c54                HAL_TIM_ConfigClockSource
 .text.HAL_TIM_OC_DelayElapsedCallback
                0x08004de2       0x12 ./Drivers/STM32F1xx_HAL_Driver/Src/stm32f1xx_hal_tim.o
                0x08004de2                HAL_TIM_OC_DelayElapsedCallback
 .text.HAL_TIM_IC_CaptureCallback
                0x08004df4       0x12 ./Drivers/STM32F1xx_HAL_Driver/Src/stm32f1xx_hal_tim.o
                0x08004df4                HAL_TIM_IC_CaptureCallback
 .text.HAL_TIM_PWM_PulseFinishedCallback
                0x08004e06       0x12 ./Drivers/STM32F1xx_HAL_Driver/Src/stm32f1xx_hal_tim.o
                0x08004e06                HAL_TIM_PWM_PulseFinishedCallback
 .text.HAL_TIM_TriggerCallback
                0x08004e18       0x12 ./Drivers/STM32F1xx_HAL_Driver/Src/stm32f1xx_hal_tim.o
                0x08004e18                HAL_TIM_TriggerCallback
 *fill*         0x08004e2a        0x2 
 .text.TIM_Base_SetConfig
                0x08004e2c       0xdc ./Drivers/STM32F1xx_HAL_Driver/Src/stm32f1xx_hal_tim.o
                0x08004e2c                TIM_Base_SetConfig
 .text.TIM_TI1_ConfigInputStage
                0x08004f08       0x5c ./Drivers/STM32F1xx_HAL_Driver/Src/stm32f1xx_hal_tim.o
 .text.TIM_TI2_ConfigInputStage
                0x08004f64       0x5e ./Drivers/STM32F1xx_HAL_Driver/Src/stm32f1xx_hal_tim.o
 .text.TIM_ITRx_SetConfig
                0x08004fc2       0x34 ./Drivers/STM32F1xx_HAL_Driver/Src/stm32f1xx_hal_tim.o
 .text.TIM_ETR_SetConfig
                0x08004ff6       0x3e ./Drivers/STM32F1xx_HAL_Driver/Src/stm32f1xx_hal_tim.o
                0x08004ff6                TIM_ETR_SetConfig
 .text.HAL_TIMEx_MasterConfigSynchronization
                0x08005034       0xbc ./Drivers/STM32F1xx_HAL_Driver/Src/stm32f1xx_hal_tim_ex.o
                0x08005034                HAL_TIMEx_MasterConfigSynchronization
 .text.HAL_TIMEx_CommutCallback
                0x080050f0       0x12 ./Drivers/STM32F1xx_HAL_Driver/Src/stm32f1xx_hal_tim_ex.o
                0x080050f0                HAL_TIMEx_CommutCallback
 .text.HAL_TIMEx_BreakCallback
                0x08005102       0x12 ./Drivers/STM32F1xx_HAL_Driver/Src/stm32f1xx_hal_tim_ex.o
                0x08005102                HAL_TIMEx_BreakCallback
 .text.HAL_UART_Init
                0x08005114       0xa0 ./Drivers/STM32F1xx_HAL_Driver/Src/stm32f1xx_hal_uart.o
                0x08005114                HAL_UART_Init
 .text.UART_SetConfig
                0x080051b4      0x11c ./Drivers/STM32F1xx_HAL_Driver/Src/stm32f1xx_hal_uart.o
 .text.memset   0x080052d0       0x10 C:/ST/STM32CubeIDE_1.17.0/STM32CubeIDE/plugins/com.st.stm32cube.ide.mcu.externaltools.gnu-tools-for-stm32.12.3.rel1.win32_1.1.0.202410251130/tools/bin/../lib/gcc/arm-none-eabi/12.3.1/../../../../arm-none-eabi/lib/thumb/v7-m/nofp\libc_nano.a(libc_a-memset.o)
                0x080052d0                memset
 .text.__libc_init_array
                0x080052e0       0x48 C:/ST/STM32CubeIDE_1.17.0/STM32CubeIDE/plugins/com.st.stm32cube.ide.mcu.externaltools.gnu-tools-for-stm32.12.3.rel1.win32_1.1.0.202410251130/tools/bin/../lib/gcc/arm-none-eabi/12.3.1/../../../../arm-none-eabi/lib/thumb/v7-m/nofp\libc_nano.a(libc_a-init.o)
                0x080052e0                __libc_init_array
 *(.glue_7)
 .glue_7        0x08005328        0x0 linker stubs
 *(.glue_7t)
 .glue_7t       0x08005328        0x0 linker stubs
 *(.eh_frame)
 .eh_frame      0x08005328        0x0 C:/ST/STM32CubeIDE_1.17.0/STM32CubeIDE/plugins/com.st.stm32cube.ide.mcu.externaltools.gnu-tools-for-stm32.12.3.rel1.win32_1.1.0.202410251130/tools/bin/../lib/gcc/arm-none-eabi/12.3.1/thumb/v7-m/nofp/crtbegin.o
 *(.init)
 .init          0x08005328        0x4 C:/ST/STM32CubeIDE_1.17.0/STM32CubeIDE/plugins/com.st.stm32cube.ide.mcu.externaltools.gnu-tools-for-stm32.12.3.rel1.win32_1.1.0.202410251130/tools/bin/../lib/gcc/arm-none-eabi/12.3.1/thumb/v7-m/nofp/crti.o
                0x08005328                _init
 .init          0x0800532c        0x8 C:/ST/STM32CubeIDE_1.17.0/STM32CubeIDE/plugins/com.st.stm32cube.ide.mcu.externaltools.gnu-tools-for-stm32.12.3.rel1.win32_1.1.0.202410251130/tools/bin/../lib/gcc/arm-none-eabi/12.3.1/thumb/v7-m/nofp/crtn.o
 *(.fini)
 .fini          0x08005334        0x4 C:/ST/STM32CubeIDE_1.17.0/STM32CubeIDE/plugins/com.st.stm32cube.ide.mcu.externaltools.gnu-tools-for-stm32.12.3.rel1.win32_1.1.0.202410251130/tools/bin/../lib/gcc/arm-none-eabi/12.3.1/thumb/v7-m/nofp/crti.o
                0x08005334                _fini
 .fini          0x08005338        0x8 C:/ST/STM32CubeIDE_1.17.0/STM32CubeIDE/plugins/com.st.stm32cube.ide.mcu.externaltools.gnu-tools-for-stm32.12.3.rel1.win32_1.1.0.202410251130/tools/bin/../lib/gcc/arm-none-eabi/12.3.1/thumb/v7-m/nofp/crtn.o
                0x08005340                        . = ALIGN (0x4)
                0x08005340                        _etext = .

.vfp11_veneer   0x08005340        0x0
 .vfp11_veneer  0x08005340        0x0 linker stubs

.v4_bx          0x08005340        0x0
 .v4_bx         0x08005340        0x0 linker stubs

.iplt           0x08005340        0x0
 .iplt          0x08005340        0x0 C:/ST/STM32CubeIDE_1.17.0/STM32CubeIDE/plugins/com.st.stm32cube.ide.mcu.externaltools.gnu-tools-for-stm32.12.3.rel1.win32_1.1.0.202410251130/tools/bin/../lib/gcc/arm-none-eabi/12.3.1/thumb/v7-m/nofp/crtbegin.o

.rodata         0x08005340      0x1d0
                0x08005340                        . = ALIGN (0x4)
 *(.rodata)
 .rodata        0x08005340      0x18f ./Core/Src/utils.o
 *(.rodata*)
 *fill*         0x080054cf        0x1 
 .rodata.AHBPrescTable
                0x080054d0       0x10 ./Core/Src/system_stm32f1xx.o
                0x080054d0                AHBPrescTable
 .rodata.APBPrescTable
                0x080054e0        0x8 ./Core/Src/system_stm32f1xx.o
                0x080054e0                APBPrescTable
 .rodata.aPLLMULFactorTable.1
                0x080054e8       0x10 ./Drivers/STM32F1xx_HAL_Driver/Src/stm32f1xx_hal_rcc.o
 .rodata.aPredivFactorTable.0
                0x080054f8        0x2 ./Drivers/STM32F1xx_HAL_Driver/Src/stm32f1xx_hal_rcc.o
 *fill*         0x080054fa        0x2 
 .rodata.aPLLMULFactorTable.1
                0x080054fc       0x10 ./Drivers/STM32F1xx_HAL_Driver/Src/stm32f1xx_hal_rcc_ex.o
 .rodata.aPredivFactorTable.0
                0x0800550c        0x2 ./Drivers/STM32F1xx_HAL_Driver/Src/stm32f1xx_hal_rcc_ex.o
                0x08005510                        . = ALIGN (0x4)
 *fill*         0x0800550e        0x2 

.ARM.extab      0x08005510        0x0
                0x08005510                        . = ALIGN (0x4)
 *(.ARM.extab* .gnu.linkonce.armextab.*)
                0x08005510                        . = ALIGN (0x4)

.ARM            0x08005510        0x0
                0x08005510                        . = ALIGN (0x4)
                0x08005510                        __exidx_start = .
 *(.ARM.exidx*)
                0x08005510                        __exidx_end = .
                0x08005510                        . = ALIGN (0x4)

.preinit_array  0x08005510        0x0
                0x08005510                        . = ALIGN (0x4)
                0x08005510                        PROVIDE (__preinit_array_start = .)
 *(.preinit_array*)
                0x08005510                        PROVIDE (__preinit_array_end = .)
                0x08005510                        . = ALIGN (0x4)

.init_array     0x08005510        0x4
                0x08005510                        . = ALIGN (0x4)
                0x08005510                        PROVIDE (__init_array_start = .)
 *(SORT_BY_NAME(.init_array.*))
 *(.init_array*)
 .init_array    0x08005510        0x4 C:/ST/STM32CubeIDE_1.17.0/STM32CubeIDE/plugins/com.st.stm32cube.ide.mcu.externaltools.gnu-tools-for-stm32.12.3.rel1.win32_1.1.0.202410251130/tools/bin/../lib/gcc/arm-none-eabi/12.3.1/thumb/v7-m/nofp/crtbegin.o
                0x08005514                        PROVIDE (__init_array_end = .)
                0x08005514                        . = ALIGN (0x4)

.fini_array     0x08005514        0x4
                0x08005514                        . = ALIGN (0x4)
                [!provide]                        PROVIDE (__fini_array_start = .)
 *(SORT_BY_NAME(.fini_array.*))
 *(.fini_array*)
 .fini_array    0x08005514        0x4 C:/ST/STM32CubeIDE_1.17.0/STM32CubeIDE/plugins/com.st.stm32cube.ide.mcu.externaltools.gnu-tools-for-stm32.12.3.rel1.win32_1.1.0.202410251130/tools/bin/../lib/gcc/arm-none-eabi/12.3.1/thumb/v7-m/nofp/crtbegin.o
                [!provide]                        PROVIDE (__fini_array_end = .)
                0x08005518                        . = ALIGN (0x4)
                0x08005518                        _sidata = LOADADDR (.data)

.rel.dyn        0x08005518        0x0
 .rel.iplt      0x08005518        0x0 C:/ST/STM32CubeIDE_1.17.0/STM32CubeIDE/plugins/com.st.stm32cube.ide.mcu.externaltools.gnu-tools-for-stm32.12.3.rel1.win32_1.1.0.202410251130/tools/bin/../lib/gcc/arm-none-eabi/12.3.1/thumb/v7-m/nofp/crtbegin.o

.data           0x20000000       0x18 load address 0x08005518
                0x20000000                        . = ALIGN (0x4)
                0x20000000                        _sdata = .
 *(.data)
 *(.data*)
 .data.selectedHour
                0x20000000        0x1 ./Core/Src/state_machine.o
                0x20000000                selectedHour
 .data.selectedMinute
                0x20000001        0x1 ./Core/Src/state_machine.o
                0x20000001                selectedMinute
 .data.selectedSecond
                0x20000002        0x1 ./Core/Src/state_machine.o
                0x20000002                selectedSecond
 .data.selectedYear
                0x20000003        0x1 ./Core/Src/state_machine.o
                0x20000003                selectedYear
 .data.selectedMonth
                0x20000004        0x1 ./Core/Src/state_machine.o
                0x20000004                selectedMonth
 .data.selectedDay
                0x20000005        0x1 ./Core/Src/state_machine.o
                0x20000005                selectedDay
 .data.selectedFeedHour
                0x20000006        0x1 ./Core/Src/state_machine.o
                0x20000006                selectedFeedHour
 .data.selectedFeedMinute
                0x20000007        0x1 ./Core/Src/state_machine.o
                0x20000007                selectedFeedMinute
 .data.selectedFeedSecond
                0x20000008        0x1 ./Core/Src/state_machine.o
                0x20000008                selectedFeedSecond
 *fill*         0x20000009        0x1 
 .data.feedDuration
                0x2000000a        0x2 ./Core/Src/state_machine.o
                0x2000000a                feedDuration
 .data.SystemCoreClock
                0x2000000c        0x4 ./Core/Src/system_stm32f1xx.o
                0x2000000c                SystemCoreClock
 .data.uwTickPrio
                0x20000010        0x4 ./Drivers/STM32F1xx_HAL_Driver/Src/stm32f1xx_hal.o
                0x20000010                uwTickPrio
 .data.uwTickFreq
                0x20000014        0x1 ./Drivers/STM32F1xx_HAL_Driver/Src/stm32f1xx_hal.o
                0x20000014                uwTickFreq
 *(.RamFunc)
 *(.RamFunc*)
                0x20000018                        . = ALIGN (0x4)
 *fill*         0x20000015        0x3 
                0x20000018                        _edata = .

.igot.plt       0x20000018        0x0 load address 0x08005530
 .igot.plt      0x20000018        0x0 C:/ST/STM32CubeIDE_1.17.0/STM32CubeIDE/plugins/com.st.stm32cube.ide.mcu.externaltools.gnu-tools-for-stm32.12.3.rel1.win32_1.1.0.202410251130/tools/bin/../lib/gcc/arm-none-eabi/12.3.1/thumb/v7-m/nofp/crtbegin.o
                0x20000018                        . = ALIGN (0x4)

.bss            0x20000018      0x190 load address 0x08005530
                0x20000018                        _sbss = .
                0x20000018                        __bss_start__ = _sbss
 *(.bss)
 .bss           0x20000018       0x1c C:/ST/STM32CubeIDE_1.17.0/STM32CubeIDE/plugins/com.st.stm32cube.ide.mcu.externaltools.gnu-tools-for-stm32.12.3.rel1.win32_1.1.0.202410251130/tools/bin/../lib/gcc/arm-none-eabi/12.3.1/thumb/v7-m/nofp/crtbegin.o
 *(.bss*)
 .bss.hi2c1     0x20000034       0x54 ./Core/Src/main.o
                0x20000034                hi2c1
 .bss.hrtc      0x20000088       0x14 ./Core/Src/main.o
                0x20000088                hrtc
 .bss.htim2     0x2000009c       0x48 ./Core/Src/main.o
                0x2000009c                htim2
 .bss.htim3     0x200000e4       0x48 ./Core/Src/main.o
                0x200000e4                htim3
 .bss.huart2    0x2000012c       0x48 ./Core/Src/main.o
                0x2000012c                huart2
 .bss.buttonStableState
                0x20000174        0x4 ./Core/Src/main.o
                0x20000174                buttonStableState
 .bss.buttonCounter
                0x20000178        0x4 ./Core/Src/main.o
                0x20000178                buttonCounter
 .bss.currentState
                0x2000017c        0x1 ./Core/Src/main.o
                0x2000017c                currentState
 .bss.lastState
                0x2000017d        0x1 ./Core/Src/main.o
                0x2000017d                lastState
 *fill*         0x2000017e        0x2 
 .bss.setTime.3
                0x20000180        0x3 ./Core/Src/state_machine.o
 *fill*         0x20000183        0x1 
 .bss.setDate.2
                0x20000184        0x4 ./Core/Src/state_machine.o
 .bss.setTime.1
                0x20000188        0x3 ./Core/Src/state_machine.o
 *fill*         0x2000018b        0x1 
 .bss.setDate.0
                0x2000018c        0x4 ./Core/Src/state_machine.o
 .bss.temp.0    0x20000190       0x14 ./Core/Src/utils.o
 .bss.uwTick    0x200001a4        0x4 ./Drivers/STM32F1xx_HAL_Driver/Src/stm32f1xx_hal.o
                0x200001a4                uwTick
 *(COMMON)
                0x200001a8                        . = ALIGN (0x4)
                0x200001a8                        _ebss = .
                0x200001a8                        __bss_end__ = _ebss

._user_heap_stack
                0x200001a8      0x600 load address 0x08005530
                0x200001a8                        . = ALIGN (0x8)
                [!provide]                        PROVIDE (end = .)
                0x200001a8                        PROVIDE (_end = .)
                0x200003a8                        . = (. + _Min_Heap_Size)
 *fill*         0x200001a8      0x200 
                0x200007a8                        . = (. + _Min_Stack_Size)
 *fill*         0x200003a8      0x400 
                0x200007a8                        . = ALIGN (0x8)

/DISCARD/
 libc.a(*)
 libm.a(*)
 libgcc.a(*)

.ARM.attributes
                0x00000000       0x29
 *(.ARM.attributes)
 .ARM.attributes
                0x00000000       0x1d C:/ST/STM32CubeIDE_1.17.0/STM32CubeIDE/plugins/com.st.stm32cube.ide.mcu.externaltools.gnu-tools-for-stm32.12.3.rel1.win32_1.1.0.202410251130/tools/bin/../lib/gcc/arm-none-eabi/12.3.1/thumb/v7-m/nofp/crti.o
 .ARM.attributes
                0x0000001d       0x2d C:/ST/STM32CubeIDE_1.17.0/STM32CubeIDE/plugins/com.st.stm32cube.ide.mcu.externaltools.gnu-tools-for-stm32.12.3.rel1.win32_1.1.0.202410251130/tools/bin/../lib/gcc/arm-none-eabi/12.3.1/thumb/v7-m/nofp/crtbegin.o
 .ARM.attributes
                0x0000004a       0x2d ./Core/Src/DS1302.o
 .ARM.attributes
                0x00000077       0x2d ./Core/Src/i2c-lcd.o
 .ARM.attributes
                0x000000a4       0x2d ./Core/Src/main.o
 .ARM.attributes
                0x000000d1       0x2d ./Core/Src/state_machine.o
 .ARM.attributes
                0x000000fe       0x2d ./Core/Src/stm32f1xx_hal_msp.o
 .ARM.attributes
                0x0000012b       0x2d ./Core/Src/stm32f1xx_it.o
 .ARM.attributes
                0x00000158       0x2d ./Core/Src/system_stm32f1xx.o
 .ARM.attributes
                0x00000185       0x2d ./Core/Src/utils.o
 .ARM.attributes
                0x000001b2       0x21 ./Core/Startup/startup_stm32f103rbtx.o
 .ARM.attributes
                0x000001d3       0x2d ./Drivers/STM32F1xx_HAL_Driver/Src/stm32f1xx_hal.o
 .ARM.attributes
                0x00000200       0x2d ./Drivers/STM32F1xx_HAL_Driver/Src/stm32f1xx_hal_cortex.o
 .ARM.attributes
                0x0000022d       0x2d ./Drivers/STM32F1xx_HAL_Driver/Src/stm32f1xx_hal_gpio.o
 .ARM.attributes
                0x0000025a       0x2d ./Drivers/STM32F1xx_HAL_Driver/Src/stm32f1xx_hal_i2c.o
 .ARM.attributes
                0x00000287       0x2d ./Drivers/STM32F1xx_HAL_Driver/Src/stm32f1xx_hal_pwr.o
 .ARM.attributes
                0x000002b4       0x2d ./Drivers/STM32F1xx_HAL_Driver/Src/stm32f1xx_hal_rcc.o
 .ARM.attributes
                0x000002e1       0x2d ./Drivers/STM32F1xx_HAL_Driver/Src/stm32f1xx_hal_rcc_ex.o
 .ARM.attributes
                0x0000030e       0x2d ./Drivers/STM32F1xx_HAL_Driver/Src/stm32f1xx_hal_rtc.o
 .ARM.attributes
                0x0000033b       0x2d ./Drivers/STM32F1xx_HAL_Driver/Src/stm32f1xx_hal_tim.o
 .ARM.attributes
                0x00000368       0x2d ./Drivers/STM32F1xx_HAL_Driver/Src/stm32f1xx_hal_tim_ex.o
 .ARM.attributes
                0x00000395       0x2d ./Drivers/STM32F1xx_HAL_Driver/Src/stm32f1xx_hal_uart.o
 .ARM.attributes
                0x000003c2       0x2d C:/ST/STM32CubeIDE_1.17.0/STM32CubeIDE/plugins/com.st.stm32cube.ide.mcu.externaltools.gnu-tools-for-stm32.12.3.rel1.win32_1.1.0.202410251130/tools/bin/../lib/gcc/arm-none-eabi/12.3.1/../../../../arm-none-eabi/lib/thumb/v7-m/nofp\libc_nano.a(libc_a-memset.o)
 .ARM.attributes
                0x000003ef       0x2d C:/ST/STM32CubeIDE_1.17.0/STM32CubeIDE/plugins/com.st.stm32cube.ide.mcu.externaltools.gnu-tools-for-stm32.12.3.rel1.win32_1.1.0.202410251130/tools/bin/../lib/gcc/arm-none-eabi/12.3.1/../../../../arm-none-eabi/lib/thumb/v7-m/nofp\libc_nano.a(libc_a-init.o)
 .ARM.attributes
                0x0000041c       0x1d C:/ST/STM32CubeIDE_1.17.0/STM32CubeIDE/plugins/com.st.stm32cube.ide.mcu.externaltools.gnu-tools-for-stm32.12.3.rel1.win32_1.1.0.202410251130/tools/bin/../lib/gcc/arm-none-eabi/12.3.1/thumb/v7-m/nofp/crtn.o
OUTPUT(MilkaFeeder25.elf elf32-littlearm)
LOAD linker stubs
LOAD C:/ST/STM32CubeIDE_1.17.0/STM32CubeIDE/plugins/com.st.stm32cube.ide.mcu.externaltools.gnu-tools-for-stm32.12.3.rel1.win32_1.1.0.202410251130/tools/bin/../lib/gcc/arm-none-eabi/12.3.1/../../../../arm-none-eabi/lib/thumb/v7-m/nofp\libc.a
LOAD C:/ST/STM32CubeIDE_1.17.0/STM32CubeIDE/plugins/com.st.stm32cube.ide.mcu.externaltools.gnu-tools-for-stm32.12.3.rel1.win32_1.1.0.202410251130/tools/bin/../lib/gcc/arm-none-eabi/12.3.1/../../../../arm-none-eabi/lib/thumb/v7-m/nofp\libm.a
LOAD C:/ST/STM32CubeIDE_1.17.0/STM32CubeIDE/plugins/com.st.stm32cube.ide.mcu.externaltools.gnu-tools-for-stm32.12.3.rel1.win32_1.1.0.202410251130/tools/bin/../lib/gcc/arm-none-eabi/12.3.1/thumb/v7-m/nofp\libgcc.a

.debug_info     0x00000000    0x11ebe
 .debug_info    0x00000000      0x781 ./Core/Src/DS1302.o
 .debug_info    0x00000781      0x700 ./Core/Src/i2c-lcd.o
 .debug_info    0x00000e81     0x1858 ./Core/Src/main.o
 .debug_info    0x000026d9      0x65d ./Core/Src/state_machine.o
 .debug_info    0x00002d36     0x12c0 ./Core/Src/stm32f1xx_hal_msp.o
 .debug_info    0x00003ff6      0x6f3 ./Core/Src/stm32f1xx_it.o
 .debug_info    0x000046e9      0x222 ./Core/Src/system_stm32f1xx.o
 .debug_info    0x0000490b      0xe18 ./Core/Src/utils.o
 .debug_info    0x00005723       0x30 ./Core/Startup/startup_stm32f103rbtx.o
 .debug_info    0x00005753      0x704 ./Drivers/STM32F1xx_HAL_Driver/Src/stm32f1xx_hal.o
 .debug_info    0x00005e57      0xa87 ./Drivers/STM32F1xx_HAL_Driver/Src/stm32f1xx_hal_cortex.o
 .debug_info    0x000068de      0x5ab ./Drivers/STM32F1xx_HAL_Driver/Src/stm32f1xx_hal_gpio.o
 .debug_info    0x00006e89     0x2524 ./Drivers/STM32F1xx_HAL_Driver/Src/stm32f1xx_hal_i2c.o
 .debug_info    0x000093ad      0x628 ./Drivers/STM32F1xx_HAL_Driver/Src/stm32f1xx_hal_pwr.o
 .debug_info    0x000099d5      0x7d5 ./Drivers/STM32F1xx_HAL_Driver/Src/stm32f1xx_hal_rcc.o
 .debug_info    0x0000a1aa      0x3c0 ./Drivers/STM32F1xx_HAL_Driver/Src/stm32f1xx_hal_rcc_ex.o
 .debug_info    0x0000a56a      0xc73 ./Drivers/STM32F1xx_HAL_Driver/Src/stm32f1xx_hal_rtc.o
 .debug_info    0x0000b1dd     0x2959 ./Drivers/STM32F1xx_HAL_Driver/Src/stm32f1xx_hal_tim.o
 .debug_info    0x0000db36     0x149b ./Drivers/STM32F1xx_HAL_Driver/Src/stm32f1xx_hal_tim_ex.o
 .debug_info    0x0000efd1     0x2eed ./Drivers/STM32F1xx_HAL_Driver/Src/stm32f1xx_hal_uart.o

.debug_abbrev   0x00000000     0x2bc7
 .debug_abbrev  0x00000000      0x2a7 ./Core/Src/DS1302.o
 .debug_abbrev  0x000002a7      0x1eb ./Core/Src/i2c-lcd.o
 .debug_abbrev  0x00000492      0x374 ./Core/Src/main.o
 .debug_abbrev  0x00000806      0x202 ./Core/Src/state_machine.o
 .debug_abbrev  0x00000a08      0x24c ./Core/Src/stm32f1xx_hal_msp.o
 .debug_abbrev  0x00000c54      0x1a8 ./Core/Src/stm32f1xx_it.o
 .debug_abbrev  0x00000dfc      0x13f ./Core/Src/system_stm32f1xx.o
 .debug_abbrev  0x00000f3b      0x2a6 ./Core/Src/utils.o
 .debug_abbrev  0x000011e1       0x24 ./Core/Startup/startup_stm32f103rbtx.o
 .debug_abbrev  0x00001205      0x201 ./Drivers/STM32F1xx_HAL_Driver/Src/stm32f1xx_hal.o
 .debug_abbrev  0x00001406      0x2f8 ./Drivers/STM32F1xx_HAL_Driver/Src/stm32f1xx_hal_cortex.o
 .debug_abbrev  0x000016fe      0x1ca ./Drivers/STM32F1xx_HAL_Driver/Src/stm32f1xx_hal_gpio.o
 .debug_abbrev  0x000018c8      0x2a3 ./Drivers/STM32F1xx_HAL_Driver/Src/stm32f1xx_hal_i2c.o
 .debug_abbrev  0x00001b6b      0x1f6 ./Drivers/STM32F1xx_HAL_Driver/Src/stm32f1xx_hal_pwr.o
 .debug_abbrev  0x00001d61      0x2b3 ./Drivers/STM32F1xx_HAL_Driver/Src/stm32f1xx_hal_rcc.o
 .debug_abbrev  0x00002014      0x188 ./Drivers/STM32F1xx_HAL_Driver/Src/stm32f1xx_hal_rcc_ex.o
 .debug_abbrev  0x0000219c      0x23a ./Drivers/STM32F1xx_HAL_Driver/Src/stm32f1xx_hal_rtc.o
 .debug_abbrev  0x000023d6      0x277 ./Drivers/STM32F1xx_HAL_Driver/Src/stm32f1xx_hal_tim.o
 .debug_abbrev  0x0000264d      0x282 ./Drivers/STM32F1xx_HAL_Driver/Src/stm32f1xx_hal_tim_ex.o
 .debug_abbrev  0x000028cf      0x2f8 ./Drivers/STM32F1xx_HAL_Driver/Src/stm32f1xx_hal_uart.o

.debug_aranges  0x00000000     0x1230
 .debug_aranges
                0x00000000       0xb0 ./Core/Src/DS1302.o
 .debug_aranges
                0x000000b0       0x40 ./Core/Src/i2c-lcd.o
 .debug_aranges
                0x000000f0       0x88 ./Core/Src/main.o
 .debug_aranges
                0x00000178       0x30 ./Core/Src/state_machine.o
 .debug_aranges
                0x000001a8       0x60 ./Core/Src/stm32f1xx_hal_msp.o
 .debug_aranges
                0x00000208       0x78 ./Core/Src/stm32f1xx_it.o
 .debug_aranges
                0x00000280       0x28 ./Core/Src/system_stm32f1xx.o
 .debug_aranges
                0x000002a8       0xe0 ./Core/Src/utils.o
 .debug_aranges
                0x00000388       0x28 ./Core/Startup/startup_stm32f103rbtx.o
 .debug_aranges
                0x000003b0       0xe0 ./Drivers/STM32F1xx_HAL_Driver/Src/stm32f1xx_hal.o
 .debug_aranges
                0x00000490      0x100 ./Drivers/STM32F1xx_HAL_Driver/Src/stm32f1xx_hal_cortex.o
 .debug_aranges
                0x00000590       0x58 ./Drivers/STM32F1xx_HAL_Driver/Src/stm32f1xx_hal_gpio.o
 .debug_aranges
                0x000005e8      0x2a8 ./Drivers/STM32F1xx_HAL_Driver/Src/stm32f1xx_hal_i2c.o
 .debug_aranges
                0x00000890       0xa8 ./Drivers/STM32F1xx_HAL_Driver/Src/stm32f1xx_hal_pwr.o
 .debug_aranges
                0x00000938       0x90 ./Drivers/STM32F1xx_HAL_Driver/Src/stm32f1xx_hal_rcc.o
 .debug_aranges
                0x000009c8       0x30 ./Drivers/STM32F1xx_HAL_Driver/Src/stm32f1xx_hal_rcc_ex.o
 .debug_aranges
                0x000009f8       0xf8 ./Drivers/STM32F1xx_HAL_Driver/Src/stm32f1xx_hal_rtc.o
 .debug_aranges
                0x00000af0      0x3d0 ./Drivers/STM32F1xx_HAL_Driver/Src/stm32f1xx_hal_tim.o
 .debug_aranges
                0x00000ec0      0x168 ./Drivers/STM32F1xx_HAL_Driver/Src/stm32f1xx_hal_tim_ex.o
 .debug_aranges
                0x00001028      0x208 ./Drivers/STM32F1xx_HAL_Driver/Src/stm32f1xx_hal_uart.o

.debug_rnglists
                0x00000000      0xe4f
 .debug_rnglists
                0x00000000       0x87 ./Core/Src/DS1302.o
 .debug_rnglists
                0x00000087       0x2b ./Core/Src/i2c-lcd.o
 .debug_rnglists
                0x000000b2       0x67 ./Core/Src/main.o
 .debug_rnglists
                0x00000119       0x21 ./Core/Src/state_machine.o
 .debug_rnglists
                0x0000013a       0x46 ./Core/Src/stm32f1xx_hal_msp.o
 .debug_rnglists
                0x00000180       0x55 ./Core/Src/stm32f1xx_it.o
 .debug_rnglists
                0x000001d5       0x1a ./Core/Src/system_stm32f1xx.o
 .debug_rnglists
                0x000001ef       0xab ./Core/Src/utils.o
 .debug_rnglists
                0x0000029a       0x19 ./Core/Startup/startup_stm32f103rbtx.o
 .debug_rnglists
                0x000002b3       0xa3 ./Drivers/STM32F1xx_HAL_Driver/Src/stm32f1xx_hal.o
 .debug_rnglists
                0x00000356       0xbb ./Drivers/STM32F1xx_HAL_Driver/Src/stm32f1xx_hal_cortex.o
 .debug_rnglists
                0x00000411       0x3f ./Drivers/STM32F1xx_HAL_Driver/Src/stm32f1xx_hal_gpio.o
 .debug_rnglists
                0x00000450      0x23c ./Drivers/STM32F1xx_HAL_Driver/Src/stm32f1xx_hal_i2c.o
 .debug_rnglists
                0x0000068c       0x7a ./Drivers/STM32F1xx_HAL_Driver/Src/stm32f1xx_hal_pwr.o
 .debug_rnglists
                0x00000706       0x6c ./Drivers/STM32F1xx_HAL_Driver/Src/stm32f1xx_hal_rcc.o
 .debug_rnglists
                0x00000772       0x21 ./Drivers/STM32F1xx_HAL_Driver/Src/stm32f1xx_hal_rcc_ex.o
 .debug_rnglists
                0x00000793       0xc1 ./Drivers/STM32F1xx_HAL_Driver/Src/stm32f1xx_hal_rtc.o
 .debug_rnglists
                0x00000854      0x31a ./Drivers/STM32F1xx_HAL_Driver/Src/stm32f1xx_hal_tim.o
 .debug_rnglists
                0x00000b6e      0x125 ./Drivers/STM32F1xx_HAL_Driver/Src/stm32f1xx_hal_tim_ex.o
 .debug_rnglists
                0x00000c93      0x1bc ./Drivers/STM32F1xx_HAL_Driver/Src/stm32f1xx_hal_uart.o

.debug_macro    0x00000000    0x183b6
 .debug_macro   0x00000000      0x23d ./Core/Src/DS1302.o
 .debug_macro   0x0000023d      0xaa8 ./Core/Src/DS1302.o
 .debug_macro   0x00000ce5      0x227 ./Core/Src/DS1302.o
 .debug_macro   0x00000f0c       0x2e ./Core/Src/DS1302.o
 .debug_macro   0x00000f3a       0x22 ./Core/Src/DS1302.o
 .debug_macro   0x00000f5c       0x22 ./Core/Src/DS1302.o
 .debug_macro   0x00000f7e       0x8e ./Core/Src/DS1302.o
 .debug_macro   0x0000100c       0x51 ./Core/Src/DS1302.o
 .debug_macro   0x0000105d      0x103 ./Core/Src/DS1302.o
 .debug_macro   0x00001160       0x6a ./Core/Src/DS1302.o
 .debug_macro   0x000011ca      0x1df ./Core/Src/DS1302.o
 .debug_macro   0x000013a9       0x1c ./Core/Src/DS1302.o
 .debug_macro   0x000013c5       0x22 ./Core/Src/DS1302.o
 .debug_macro   0x000013e7       0xbd ./Core/Src/DS1302.o
 .debug_macro   0x000014a4      0xd23 ./Core/Src/DS1302.o
 .debug_macro   0x000021c7     0xe09e ./Core/Src/DS1302.o
 .debug_macro   0x00010265       0x6d ./Core/Src/DS1302.o
 .debug_macro   0x000102d2     0x34a2 ./Core/Src/DS1302.o
 .debug_macro   0x00013774      0x189 ./Core/Src/DS1302.o
 .debug_macro   0x000138fd       0x5c ./Core/Src/DS1302.o
 .debug_macro   0x00013959      0x5bc ./Core/Src/DS1302.o
 .debug_macro   0x00013f15      0x289 ./Core/Src/DS1302.o
 .debug_macro   0x0001419e      0x1cb ./Core/Src/DS1302.o
 .debug_macro   0x00014369      0x114 ./Core/Src/DS1302.o
 .debug_macro   0x0001447d      0x1b2 ./Core/Src/DS1302.o
 .debug_macro   0x0001462f       0x27 ./Core/Src/DS1302.o
 .debug_macro   0x00014656      0x136 ./Core/Src/DS1302.o
 .debug_macro   0x0001478c      0x1bc ./Core/Src/DS1302.o
 .debug_macro   0x00014948       0x34 ./Core/Src/DS1302.o
 .debug_macro   0x0001497c       0x3c ./Core/Src/DS1302.o
 .debug_macro   0x000149b8       0x57 ./Core/Src/DS1302.o
 .debug_macro   0x00014a0f       0x87 ./Core/Src/DS1302.o
 .debug_macro   0x00014a96      0x240 ./Core/Src/DS1302.o
 .debug_macro   0x00014cd6      0x287 ./Core/Src/DS1302.o
 .debug_macro   0x00014f5d      0x140 ./Core/Src/DS1302.o
 .debug_macro   0x0001509d      0x1ef ./Core/Src/DS1302.o
 .debug_macro   0x0001528c       0xeb ./Core/Src/DS1302.o
 .debug_macro   0x00015377      0x8ed ./Core/Src/DS1302.o
 .debug_macro   0x00015c64      0x28e ./Core/Src/DS1302.o
 .debug_macro   0x00015ef2       0x83 ./Core/Src/DS1302.o
 .debug_macro   0x00015f75      0x1cb ./Core/Src/i2c-lcd.o
 .debug_macro   0x00016140      0x22a ./Core/Src/main.o
 .debug_macro   0x0001636a       0xb2 ./Core/Src/main.o
 .debug_macro   0x0001641c      0x1d9 ./Core/Src/state_machine.o
 .debug_macro   0x000165f5      0x1f6 ./Core/Src/stm32f1xx_hal_msp.o
 .debug_macro   0x000167eb      0x200 ./Core/Src/stm32f1xx_it.o
 .debug_macro   0x000169eb      0x1c1 ./Core/Src/system_stm32f1xx.o
 .debug_macro   0x00016bac      0x2d2 ./Core/Src/utils.o
 .debug_macro   0x00016e7e       0x61 ./Core/Src/utils.o
 .debug_macro   0x00016edf       0x16 ./Core/Src/utils.o
 .debug_macro   0x00016ef5       0x16 ./Core/Src/utils.o
 .debug_macro   0x00016f0b      0x1e5 ./Drivers/STM32F1xx_HAL_Driver/Src/stm32f1xx_hal.o
 .debug_macro   0x000170f0      0x1c1 ./Drivers/STM32F1xx_HAL_Driver/Src/stm32f1xx_hal_cortex.o
 .debug_macro   0x000172b1      0x22c ./Drivers/STM32F1xx_HAL_Driver/Src/stm32f1xx_hal_gpio.o
 .debug_macro   0x000174dd      0x20f ./Drivers/STM32F1xx_HAL_Driver/Src/stm32f1xx_hal_i2c.o
 .debug_macro   0x000176ec      0x221 ./Drivers/STM32F1xx_HAL_Driver/Src/stm32f1xx_hal_pwr.o
 .debug_macro   0x0001790d      0x1d3 ./Drivers/STM32F1xx_HAL_Driver/Src/stm32f1xx_hal_rcc.o
 .debug_macro   0x00017ae0      0x1c1 ./Drivers/STM32F1xx_HAL_Driver/Src/stm32f1xx_hal_rcc_ex.o
 .debug_macro   0x00017ca1      0x1d0 ./Drivers/STM32F1xx_HAL_Driver/Src/stm32f1xx_hal_rtc.o
 .debug_macro   0x00017e71      0x1c2 ./Drivers/STM32F1xx_HAL_Driver/Src/stm32f1xx_hal_tim.o
 .debug_macro   0x00018033      0x1c1 ./Drivers/STM32F1xx_HAL_Driver/Src/stm32f1xx_hal_tim_ex.o
 .debug_macro   0x000181f4      0x1c2 ./Drivers/STM32F1xx_HAL_Driver/Src/stm32f1xx_hal_uart.o

.debug_line     0x00000000    0x1573b
 .debug_line    0x00000000      0xc92 ./Core/Src/DS1302.o
 .debug_line    0x00000c92      0x7f8 ./Core/Src/i2c-lcd.o
 .debug_line    0x0000148a      0xaa9 ./Core/Src/main.o
 .debug_line    0x00001f33      0xaff ./Core/Src/state_machine.o
 .debug_line    0x00002a32      0x8b2 ./Core/Src/stm32f1xx_hal_msp.o
 .debug_line    0x000032e4      0x886 ./Core/Src/stm32f1xx_it.o
 .debug_line    0x00003b6a      0x7c3 ./Core/Src/system_stm32f1xx.o
 .debug_line    0x0000432d      0xd8a ./Core/Src/utils.o
 .debug_line    0x000050b7       0x78 ./Core/Startup/startup_stm32f103rbtx.o
 .debug_line    0x0000512f      0x9f0 ./Drivers/STM32F1xx_HAL_Driver/Src/stm32f1xx_hal.o
 .debug_line    0x00005b1f      0xbdc ./Drivers/STM32F1xx_HAL_Driver/Src/stm32f1xx_hal_cortex.o
 .debug_line    0x000066fb      0xa89 ./Drivers/STM32F1xx_HAL_Driver/Src/stm32f1xx_hal_gpio.o
 .debug_line    0x00007184     0x3c8d ./Drivers/STM32F1xx_HAL_Driver/Src/stm32f1xx_hal_i2c.o
 .debug_line    0x0000ae11      0x972 ./Drivers/STM32F1xx_HAL_Driver/Src/stm32f1xx_hal_pwr.o
 .debug_line    0x0000b783      0xdf9 ./Drivers/STM32F1xx_HAL_Driver/Src/stm32f1xx_hal_rcc.o
 .debug_line    0x0000c57c      0x93a ./Drivers/STM32F1xx_HAL_Driver/Src/stm32f1xx_hal_rcc_ex.o
 .debug_line    0x0000ceb6     0x1162 ./Drivers/STM32F1xx_HAL_Driver/Src/stm32f1xx_hal_rtc.o
 .debug_line    0x0000e018     0x3515 ./Drivers/STM32F1xx_HAL_Driver/Src/stm32f1xx_hal_tim.o
 .debug_line    0x0001152d     0x193f ./Drivers/STM32F1xx_HAL_Driver/Src/stm32f1xx_hal_tim_ex.o
 .debug_line    0x00012e6c     0x28cf ./Drivers/STM32F1xx_HAL_Driver/Src/stm32f1xx_hal_uart.o

.debug_str      0x00000000    0x8f63a
 .debug_str     0x00000000    0x86a88 ./Core/Src/DS1302.o
                              0x86deb (size before relaxing)
 .debug_str     0x00086a88      0x4b1 ./Core/Src/i2c-lcd.o
                              0x86ea7 (size before relaxing)
 .debug_str     0x00086f39     0x1226 ./Core/Src/main.o
                              0x88253 (size before relaxing)
 .debug_str     0x0008815f       0xfa ./Core/Src/state_machine.o
                              0x86e69 (size before relaxing)
 .debug_str     0x00088259      0x136 ./Core/Src/stm32f1xx_hal_msp.o
                              0x87b9c (size before relaxing)
 .debug_str     0x0008838f      0x12a ./Core/Src/stm32f1xx_it.o
                              0x87248 (size before relaxing)
 .debug_str     0x000884b9       0x6e ./Core/Src/system_stm32f1xx.o
                              0x86a1b (size before relaxing)
 .debug_str     0x00088527     0x39a0 ./Core/Src/utils.o
                              0x8aed2 (size before relaxing)
 .debug_str     0x0008bec7       0x44 ./Core/Startup/startup_stm32f103rbtx.o
                                 0x84 (size before relaxing)
 .debug_str     0x0008bf0b      0x37f ./Drivers/STM32F1xx_HAL_Driver/Src/stm32f1xx_hal.o
                              0x8714e (size before relaxing)
 .debug_str     0x0008c28a      0x28a ./Drivers/STM32F1xx_HAL_Driver/Src/stm32f1xx_hal_cortex.o
                              0x8709a (size before relaxing)
 .debug_str     0x0008c514      0x2b7 ./Drivers/STM32F1xx_HAL_Driver/Src/stm32f1xx_hal_gpio.o
                              0x86da1 (size before relaxing)
 .debug_str     0x0008c7cb      0xbc3 ./Drivers/STM32F1xx_HAL_Driver/Src/stm32f1xx_hal_i2c.o
                              0x87ae2 (size before relaxing)
 .debug_str     0x0008d38e      0x4f5 ./Drivers/STM32F1xx_HAL_Driver/Src/stm32f1xx_hal_pwr.o
                              0x86f52 (size before relaxing)
 .debug_str     0x0008d883      0x1fd ./Drivers/STM32F1xx_HAL_Driver/Src/stm32f1xx_hal_rcc.o
                              0x86e4a (size before relaxing)
 .debug_str     0x0008da80       0x9f ./Drivers/STM32F1xx_HAL_Driver/Src/stm32f1xx_hal_rcc_ex.o
                              0x86b9a (size before relaxing)
 .debug_str     0x0008db1f      0x2e6 ./Drivers/STM32F1xx_HAL_Driver/Src/stm32f1xx_hal_rtc.o
                              0x86f26 (size before relaxing)
 .debug_str     0x0008de05      0xd99 ./Drivers/STM32F1xx_HAL_Driver/Src/stm32f1xx_hal_tim.o
                              0x87e4c (size before relaxing)
 .debug_str     0x0008eb9e      0x493 ./Drivers/STM32F1xx_HAL_Driver/Src/stm32f1xx_hal_tim_ex.o
                              0x87658 (size before relaxing)
 .debug_str     0x0008f031      0x609 ./Drivers/STM32F1xx_HAL_Driver/Src/stm32f1xx_hal_uart.o
                              0x874bb (size before relaxing)

.comment        0x00000000       0x43
 .comment       0x00000000       0x43 ./Core/Src/DS1302.o
                                 0x44 (size before relaxing)
 .comment       0x00000043       0x44 ./Core/Src/i2c-lcd.o
 .comment       0x00000043       0x44 ./Core/Src/main.o
 .comment       0x00000043       0x44 ./Core/Src/state_machine.o
 .comment       0x00000043       0x44 ./Core/Src/stm32f1xx_hal_msp.o
 .comment       0x00000043       0x44 ./Core/Src/stm32f1xx_it.o
 .comment       0x00000043       0x44 ./Core/Src/system_stm32f1xx.o
 .comment       0x00000043       0x44 ./Core/Src/utils.o
 .comment       0x00000043       0x44 ./Drivers/STM32F1xx_HAL_Driver/Src/stm32f1xx_hal.o
 .comment       0x00000043       0x44 ./Drivers/STM32F1xx_HAL_Driver/Src/stm32f1xx_hal_cortex.o
 .comment       0x00000043       0x44 ./Drivers/STM32F1xx_HAL_Driver/Src/stm32f1xx_hal_gpio.o
 .comment       0x00000043       0x44 ./Drivers/STM32F1xx_HAL_Driver/Src/stm32f1xx_hal_i2c.o
 .comment       0x00000043       0x44 ./Drivers/STM32F1xx_HAL_Driver/Src/stm32f1xx_hal_pwr.o
 .comment       0x00000043       0x44 ./Drivers/STM32F1xx_HAL_Driver/Src/stm32f1xx_hal_rcc.o
 .comment       0x00000043       0x44 ./Drivers/STM32F1xx_HAL_Driver/Src/stm32f1xx_hal_rcc_ex.o
 .comment       0x00000043       0x44 ./Drivers/STM32F1xx_HAL_Driver/Src/stm32f1xx_hal_rtc.o
 .comment       0x00000043       0x44 ./Drivers/STM32F1xx_HAL_Driver/Src/stm32f1xx_hal_tim.o
 .comment       0x00000043       0x44 ./Drivers/STM32F1xx_HAL_Driver/Src/stm32f1xx_hal_tim_ex.o
 .comment       0x00000043       0x44 ./Drivers/STM32F1xx_HAL_Driver/Src/stm32f1xx_hal_uart.o

.debug_frame    0x00000000     0x4bd4
 .debug_frame   0x00000000      0x2b4 ./Core/Src/DS1302.o
 .debug_frame   0x000002b4       0xbc ./Core/Src/i2c-lcd.o
 .debug_frame   0x00000370      0x1dc ./Core/Src/main.o
 .debug_frame   0x0000054c       0x78 ./Core/Src/state_machine.o
 .debug_frame   0x000005c4      0x15c ./Core/Src/stm32f1xx_hal_msp.o
 .debug_frame   0x00000720      0x158 ./Core/Src/stm32f1xx_it.o
 .debug_frame   0x00000878       0x58 ./Core/Src/system_stm32f1xx.o
 .debug_frame   0x000008d0      0x31c ./Core/Src/utils.o
 .debug_frame   0x00000bec      0x334 ./Drivers/STM32F1xx_HAL_Driver/Src/stm32f1xx_hal.o
 .debug_frame   0x00000f20      0x428 ./Drivers/STM32F1xx_HAL_Driver/Src/stm32f1xx_hal_cortex.o
 .debug_frame   0x00001348      0x14c ./Drivers/STM32F1xx_HAL_Driver/Src/stm32f1xx_hal_gpio.o
 .debug_frame   0x00001494      0xc84 ./Drivers/STM32F1xx_HAL_Driver/Src/stm32f1xx_hal_i2c.o
 .debug_frame   0x00002118      0x270 ./Drivers/STM32F1xx_HAL_Driver/Src/stm32f1xx_hal_pwr.o
 .debug_frame   0x00002388      0x218 ./Drivers/STM32F1xx_HAL_Driver/Src/stm32f1xx_hal_rcc.o
 .debug_frame   0x000025a0       0x80 ./Drivers/STM32F1xx_HAL_Driver/Src/stm32f1xx_hal_rcc_ex.o
 .debug_frame   0x00002620      0x434 ./Drivers/STM32F1xx_HAL_Driver/Src/stm32f1xx_hal_rtc.o
 .debug_frame   0x00002a54     0x11b8 ./Drivers/STM32F1xx_HAL_Driver/Src/stm32f1xx_hal_tim.o
 .debug_frame   0x00003c0c      0x638 ./Drivers/STM32F1xx_HAL_Driver/Src/stm32f1xx_hal_tim_ex.o
 .debug_frame   0x00004244      0x944 ./Drivers/STM32F1xx_HAL_Driver/Src/stm32f1xx_hal_uart.o
 .debug_frame   0x00004b88       0x20 C:/ST/STM32CubeIDE_1.17.0/STM32CubeIDE/plugins/com.st.stm32cube.ide.mcu.externaltools.gnu-tools-for-stm32.12.3.rel1.win32_1.1.0.202410251130/tools/bin/../lib/gcc/arm-none-eabi/12.3.1/../../../../arm-none-eabi/lib/thumb/v7-m/nofp\libc_nano.a(libc_a-memset.o)
 .debug_frame   0x00004ba8       0x2c C:/ST/STM32CubeIDE_1.17.0/STM32CubeIDE/plugins/com.st.stm32cube.ide.mcu.externaltools.gnu-tools-for-stm32.12.3.rel1.win32_1.1.0.202410251130/tools/bin/../lib/gcc/arm-none-eabi/12.3.1/../../../../arm-none-eabi/lib/thumb/v7-m/nofp\libc_nano.a(libc_a-init.o)

.debug_line_str
                0x00000000       0x68
 .debug_line_str
                0x00000000       0x68 ./Core/Startup/startup_stm32f103rbtx.o
