Archive member included to satisfy reference by file (symbol)

C:/ST/STM32CubeIDE_1.17.0/STM32CubeIDE/plugins/com.st.stm32cube.ide.mcu.externaltools.gnu-tools-for-stm32.12.3.rel1.win32_1.1.0.202410251130/tools/bin/../lib/gcc/arm-none-eabi/12.3.1/../../../../arm-none-eabi/lib/thumb/v7-m/nofp\libc_nano.a(libc_a-exit.o)
                              C:/ST/STM32CubeIDE_1.17.0/STM32CubeIDE/plugins/com.st.stm32cube.ide.mcu.externaltools.gnu-tools-for-stm32.12.3.rel1.win32_1.1.0.202410251130/tools/bin/../lib/gcc/arm-none-eabi/12.3.1/../../../../arm-none-eabi/lib/thumb/v7-m/nofp/crt0.o (exit)
C:/ST/STM32CubeIDE_1.17.0/STM32CubeIDE/plugins/com.st.stm32cube.ide.mcu.externaltools.gnu-tools-for-stm32.12.3.rel1.win32_1.1.0.202410251130/tools/bin/../lib/gcc/arm-none-eabi/12.3.1/../../../../arm-none-eabi/lib/thumb/v7-m/nofp\libc_nano.a(libc_a-findfp.o)
                              C:/ST/STM32CubeIDE_1.17.0/STM32CubeIDE/plugins/com.st.stm32cube.ide.mcu.externaltools.gnu-tools-for-stm32.12.3.rel1.win32_1.1.0.202410251130/tools/bin/../lib/gcc/arm-none-eabi/12.3.1/../../../../arm-none-eabi/lib/thumb/v7-m/nofp\libc_nano.a(libc_a-exit.o) (__stdio_exit_handler)
C:/ST/STM32CubeIDE_1.17.0/STM32CubeIDE/plugins/com.st.stm32cube.ide.mcu.externaltools.gnu-tools-for-stm32.12.3.rel1.win32_1.1.0.202410251130/tools/bin/../lib/gcc/arm-none-eabi/12.3.1/../../../../arm-none-eabi/lib/thumb/v7-m/nofp\libc_nano.a(libc_a-fwalk.o)
                              C:/ST/STM32CubeIDE_1.17.0/STM32CubeIDE/plugins/com.st.stm32cube.ide.mcu.externaltools.gnu-tools-for-stm32.12.3.rel1.win32_1.1.0.202410251130/tools/bin/../lib/gcc/arm-none-eabi/12.3.1/../../../../arm-none-eabi/lib/thumb/v7-m/nofp\libc_nano.a(libc_a-findfp.o) (_fwalk_sglue)
C:/ST/STM32CubeIDE_1.17.0/STM32CubeIDE/plugins/com.st.stm32cube.ide.mcu.externaltools.gnu-tools-for-stm32.12.3.rel1.win32_1.1.0.202410251130/tools/bin/../lib/gcc/arm-none-eabi/12.3.1/../../../../arm-none-eabi/lib/thumb/v7-m/nofp\libc_nano.a(libc_a-stdio.o)
                              C:/ST/STM32CubeIDE_1.17.0/STM32CubeIDE/plugins/com.st.stm32cube.ide.mcu.externaltools.gnu-tools-for-stm32.12.3.rel1.win32_1.1.0.202410251130/tools/bin/../lib/gcc/arm-none-eabi/12.3.1/../../../../arm-none-eabi/lib/thumb/v7-m/nofp\libc_nano.a(libc_a-findfp.o) (__sread)
C:/ST/STM32CubeIDE_1.17.0/STM32CubeIDE/plugins/com.st.stm32cube.ide.mcu.externaltools.gnu-tools-for-stm32.12.3.rel1.win32_1.1.0.202410251130/tools/bin/../lib/gcc/arm-none-eabi/12.3.1/../../../../arm-none-eabi/lib/thumb/v7-m/nofp\libc_nano.a(libc_a-memset.o)
                              C:/ST/STM32CubeIDE_1.17.0/STM32CubeIDE/plugins/com.st.stm32cube.ide.mcu.externaltools.gnu-tools-for-stm32.12.3.rel1.win32_1.1.0.202410251130/tools/bin/../lib/gcc/arm-none-eabi/12.3.1/../../../../arm-none-eabi/lib/thumb/v7-m/nofp/crt0.o (memset)
C:/ST/STM32CubeIDE_1.17.0/STM32CubeIDE/plugins/com.st.stm32cube.ide.mcu.externaltools.gnu-tools-for-stm32.12.3.rel1.win32_1.1.0.202410251130/tools/bin/../lib/gcc/arm-none-eabi/12.3.1/../../../../arm-none-eabi/lib/thumb/v7-m/nofp\libc_nano.a(libc_a-closer.o)
                              C:/ST/STM32CubeIDE_1.17.0/STM32CubeIDE/plugins/com.st.stm32cube.ide.mcu.externaltools.gnu-tools-for-stm32.12.3.rel1.win32_1.1.0.202410251130/tools/bin/../lib/gcc/arm-none-eabi/12.3.1/../../../../arm-none-eabi/lib/thumb/v7-m/nofp\libc_nano.a(libc_a-stdio.o) (_close_r)
C:/ST/STM32CubeIDE_1.17.0/STM32CubeIDE/plugins/com.st.stm32cube.ide.mcu.externaltools.gnu-tools-for-stm32.12.3.rel1.win32_1.1.0.202410251130/tools/bin/../lib/gcc/arm-none-eabi/12.3.1/../../../../arm-none-eabi/lib/thumb/v7-m/nofp\libc_nano.a(libc_a-reent.o)
                              C:/ST/STM32CubeIDE_1.17.0/STM32CubeIDE/plugins/com.st.stm32cube.ide.mcu.externaltools.gnu-tools-for-stm32.12.3.rel1.win32_1.1.0.202410251130/tools/bin/../lib/gcc/arm-none-eabi/12.3.1/../../../../arm-none-eabi/lib/thumb/v7-m/nofp\libc_nano.a(libc_a-closer.o) (errno)
C:/ST/STM32CubeIDE_1.17.0/STM32CubeIDE/plugins/com.st.stm32cube.ide.mcu.externaltools.gnu-tools-for-stm32.12.3.rel1.win32_1.1.0.202410251130/tools/bin/../lib/gcc/arm-none-eabi/12.3.1/../../../../arm-none-eabi/lib/thumb/v7-m/nofp\libc_nano.a(libc_a-impure.o)
                              C:/ST/STM32CubeIDE_1.17.0/STM32CubeIDE/plugins/com.st.stm32cube.ide.mcu.externaltools.gnu-tools-for-stm32.12.3.rel1.win32_1.1.0.202410251130/tools/bin/../lib/gcc/arm-none-eabi/12.3.1/../../../../arm-none-eabi/lib/thumb/v7-m/nofp\libc_nano.a(libc_a-reent.o) (_impure_ptr)
C:/ST/STM32CubeIDE_1.17.0/STM32CubeIDE/plugins/com.st.stm32cube.ide.mcu.externaltools.gnu-tools-for-stm32.12.3.rel1.win32_1.1.0.202410251130/tools/bin/../lib/gcc/arm-none-eabi/12.3.1/../../../../arm-none-eabi/lib/thumb/v7-m/nofp\libc_nano.a(libc_a-lseekr.o)
[...]
Memory Configuration

Name             Origin             Length             Attributes
RAM              0x20000000         0x00005000         xrw
FLASH            0x08000000         0x00020000         xr
*default*        0x00000000         0xffffffff

Linker script and memory map

LOAD C:/ST/STM32CubeIDE_1.17.0/STM32CubeIDE/plugins/com.st.stm32cube.ide.mcu.externaltools.gnu-tools-for-stm32.12.3.rel1.win32_1.1.0.202410251130/tools/bin/../lib/gcc/arm-none-eabi/12.3.1/thumb/v7-m/nofp/crti.o
LOAD C:/ST/STM32CubeIDE_1.17.0/STM32CubeIDE/plugins/com.st.stm32cube.ide.mcu.externaltools.gnu-tools-for-stm32.12.3.rel1.win32_1.1.0.202410251130/tools/bin/../lib/gcc/arm-none-eabi/12.3.1/thumb/v7-m/nofp/crtbegin.o
LOAD C:/ST/STM32CubeIDE_1.17.0/STM32CubeIDE/plugins/com.st.stm32cube.ide.mcu.externaltools.gnu-tools-for-stm32.12.3.rel1.win32_1.1.0.202410251130/tools/bin/../lib/gcc/arm-none-eabi/12.3.1/../../../../arm-none-eabi/lib/thumb/v7-m/nofp/crt0.o
LOAD ./Core/Src/i2c-lcd.o
LOAD ./Core/Src/main.o
LOAD ./Core/Src/state_machine.o
LOAD ./Core/Src/stm32f1xx_hal_msp.o
LOAD ./Core/Src/stm32f1xx_it.o
LOAD ./Core/Src/syscalls.o
LOAD ./Core/Src/sysmem.o
LOAD ./Core/Src/system_stm32f1xx.o
LOAD ./Core/Src/utils.o
LOAD ./Core/Startup/startup_stm32f103rbtx.o
LOAD ./Drivers/STM32F1xx_HAL_Driver/Src/stm32f1xx_hal.o
LOAD ./Drivers/STM32F1xx_HAL_Driver/Src/stm32f1xx_hal_cortex.o
LOAD ./Drivers/STM32F1xx_HAL_Driver/Src/stm32f1xx_hal_dma.o
LOAD ./Drivers/STM32F1xx_HAL_Driver/Src/stm32f1xx_hal_exti.o
LOAD ./Drivers/STM32F1xx_HAL_Driver/Src/stm32f1xx_hal_flash.o
LOAD ./Drivers/STM32F1xx_HAL_Driver/Src/stm32f1xx_hal_flash_ex.o
LOAD ./Drivers/STM32F1xx_HAL_Driver/Src/stm32f1xx_hal_gpio.o
LOAD ./Drivers/STM32F1xx_HAL_Driver/Src/stm32f1xx_hal_gpio_ex.o
LOAD ./Drivers/STM32F1xx_HAL_Driver/Src/stm32f1xx_hal_i2c.o
LOAD ./Drivers/STM32F1xx_HAL_Driver/Src/stm32f1xx_hal_pwr.o
LOAD ./Drivers/STM32F1xx_HAL_Driver/Src/stm32f1xx_hal_rcc.o
LOAD ./Drivers/STM32F1xx_HAL_Driver/Src/stm32f1xx_hal_rcc_ex.o
LOAD ./Drivers/STM32F1xx_HAL_Driver/Src/stm32f1xx_hal_rtc.o
LOAD ./Drivers/STM32F1xx_HAL_Driver/Src/stm32f1xx_hal_rtc_ex.o
LOAD ./Drivers/STM32F1xx_HAL_Driver/Src/stm32f1xx_hal_tim.o
LOAD ./Drivers/STM32F1xx_HAL_Driver/Src/stm32f1xx_hal_tim_ex.o
LOAD ./Drivers/STM32F1xx_HAL_Driver/Src/stm32f1xx_hal_uart.o
START GROUP
LOAD C:/ST/STM32CubeIDE_1.17.0/STM32CubeIDE/plugins/com.st.stm32cube.ide.mcu.externaltools.gnu-tools-for-stm32.12.3.rel1.win32_1.1.0.202410251130/tools/bin/../lib/gcc/arm-none-eabi/12.3.1/../../../../arm-none-eabi/lib/thumb/v7-m/nofp\libc_nano.a
LOAD C:/ST/STM32CubeIDE_1.17.0/STM32CubeIDE/plugins/com.st.stm32cube.ide.mcu.externaltools.gnu-tools-for-stm32.12.3.rel1.win32_1.1.0.202410251130/tools/bin/../lib/gcc/arm-none-eabi/12.3.1/../../../../arm-none-eabi/lib/thumb/v7-m/nofp\libm.a
END GROUP
START GROUP
LOAD C:/ST/STM32CubeIDE_1.17.0/STM32CubeIDE/plugins/com.st.stm32cube.ide.mcu.externaltools.gnu-tools-for-stm32.12.3.rel1.win32_1.1.0.202410251130/tools/bin/../lib/gcc/arm-none-eabi/12.3.1/thumb/v7-m/nofp\libgcc.a
LOAD C:/ST/STM32CubeIDE_1.17.0/STM32CubeIDE/plugins/com.st.stm32cube.ide.mcu.externaltools.gnu-tools-for-stm32.12.3.rel1.win32_1.1.0.202410251130/tools/bin/../lib/gcc/arm-none-eabi/12.3.1/../../../../arm-none-eabi/lib/thumb/v7-m/nofp\libc_nano.a
END GROUP
START GROUP
LOAD C:/ST/STM32CubeIDE_1.17.0/STM32CubeIDE/plugins/com.st.stm32cube.ide.mcu.externaltools.gnu-tools-for-stm32.12.3.rel1.win32_1.1.0.202410251130/tools/bin/../lib/gcc/arm-none-eabi/12.3.1/thumb/v7-m/nofp\libgcc.a
LOAD C:/ST/STM32CubeIDE_1.17.0/STM32CubeIDE/plugins/com.st.stm32cube.ide.mcu.externaltools.gnu-tools-for-stm32.12.3.rel1.win32_1.1.0.202410251130/tools/bin/../lib/gcc/arm-none-eabi/12.3.1/../../../../arm-none-eabi/lib/thumb/v7-m/nofp\libc_nano.a
LOAD C:/ST/STM32CubeIDE_1.17.0/STM32CubeIDE/plugins/com.st.stm32cube.ide.mcu.externaltools.gnu-tools-for-stm32.12.3.rel1.win32_1.1.0.202410251130/tools/bin/../lib/gcc/arm-none-eabi/12.3.1/../../../../arm-none-eabi/lib/thumb/v7-m/nofp\libnosys.a
END GROUP
START GROUP
LOAD C:/ST/STM32CubeIDE_1.17.0/STM32CubeIDE/plugins/com.st.stm32cube.ide.mcu.externaltools.gnu-tools-for-stm32.12.3.rel1.win32_1.1.0.202410251130/tools/bin/../lib/gcc/arm-none-eabi/12.3.1/thumb/v7-m/nofp\libgcc.a
LOAD C:/ST/STM32CubeIDE_1.17.0/STM32CubeIDE/plugins/com.st.stm32cube.ide.mcu.externaltools.gnu-tools-for-stm32.12.3.rel1.win32_1.1.0.202410251130/tools/bin/../lib/gcc/arm-none-eabi/12.3.1/../../../../arm-none-eabi/lib/thumb/v7-m/nofp\libc_nano.a
LOAD C:/ST/STM32CubeIDE_1.17.0/STM32CubeIDE/plugins/com.st.stm32cube.ide.mcu.externaltools.gnu-tools-for-stm32.12.3.rel1.win32_1.1.0.202410251130/tools/bin/../lib/gcc/arm-none-eabi/12.3.1/../../../../arm-none-eabi/lib/thumb/v7-m/nofp\libnosys.a
END GROUP
LOAD C:/ST/STM32CubeIDE_1.17.0/STM32CubeIDE/plugins/com.st.stm32cube.ide.mcu.externaltools.gnu-tools-for-stm32.12.3.rel1.win32_1.1.0.202410251130/tools/bin/../lib/gcc/arm-none-eabi/12.3.1/thumb/v7-m/nofp/crtend.o
LOAD C:/ST/STM32CubeIDE_1.17.0/STM32CubeIDE/plugins/com.st.stm32cube.ide.mcu.externaltools.gnu-tools-for-stm32.12.3.rel1.win32_1.1.0.202410251130/tools/bin/../lib/gcc/arm-none-eabi/12.3.1/thumb/v7-m/nofp/crtn.o
                0x20005000                        _estack = (ORIGIN (RAM) + LENGTH (RAM))
                0x00000200                        _Min_Heap_Size = 0x200
                0x00000400                        _Min_Stack_Size = 0x400

.isr_vector     0x08000000      0x10c
                0x08000000                        . = ALIGN (0x4)
 *(.isr_vector)
 .isr_vector    0x08000000      0x10c ./Core/Startup/startup_stm32f103rbtx.o
                0x08000000                g_pfnVectors
                0x0800010c                        . = ALIGN (0x4)

.text           0x0800010c     0x4e30
                0x0800010c                        . = ALIGN (0x4)
 *(.text)
 .text          0x0800010c       0x40 C:/ST/STM32CubeIDE_1.17.0/STM32CubeIDE/plugins/com.st.stm32cube.ide.mcu.externaltools.gnu-tools-for-stm32.12.3.rel1.win32_1.1.0.202410251130/tools/bin/../lib/gcc/arm-none-eabi/12.3.1/thumb/v7-m/nofp/crtbegin.o
 *(.text*)
 .text.lcd_send_cmd
                0x0800014c       0x60 ./Core/Src/i2c-lcd.o
                0x0800014c                lcd_send_cmd
 .text.lcd_send_data
                0x080001ac       0x60 ./Core/Src/i2c-lcd.o
                0x080001ac                lcd_send_data
 .text.lcd_clear
                0x0800020c       0x2e ./Core/Src/i2c-lcd.o
                0x0800020c                lcd_clear
 .text.lcd_init
                0x0800023a       0x74 ./Core/Src/i2c-lcd.o
                0x0800023a                lcd_init
 .text.lcd_send_string
                0x080002ae       0x2a ./Core/Src/i2c-lcd.o
                0x080002ae                lcd_send_string
 .text.main     0x080002d8       0x44 ./Core/Src/main.o
                0x080002d8                main
 .text.SystemClock_Config
                0x0800031c       0xb2 ./Core/Src/main.o
                0x0800031c                SystemClock_Config
 *fill*         0x080003ce        0x2 
 .text.MX_I2C1_Init
                0x080003d0       0x5c ./Core/Src/main.o
 .text.MX_RTC_Init
                0x0800042c       0x94 ./Core/Src/main.o
 .text.MX_TIM2_Init
                0x080004c0       0x98 ./Core/Src/main.o
 .text.MX_TIM3_Init
                0x08000558       0x9c ./Core/Src/main.o
 .text.MX_USART2_UART_Init
                0x080005f4       0x54 ./Core/Src/main.o
 .text.MX_GPIO_Init
                0x08000648       0xe0 ./Core/Src/main.o
 .text.triggerOnce
                0x08000728       0x2c ./Core/Src/main.o
                0x08000728                triggerOnce
 .text.setTimerInterval
                0x08000754       0x3c ./Core/Src/main.o
                0x08000754                setTimerInterval
 .text.HAL_TIM_PeriodElapsedCallback
                0x08000790       0x3c ./Core/Src/main.o
                0x08000790                HAL_TIM_PeriodElapsedCallback
 .text.read_button_pin
                0x080007cc       0x68 ./Core/Src/main.o
                0x080007cc                read_button_pin
 .text.debounce_buttons
                0x08000834       0x90 ./Core/Src/main.o
                0x08000834                debounce_buttons
 .text.Error_Handler
                0x080008c4        0xc ./Core/Src/main.o
                0x080008c4                Error_Handler
 .text.handle_event
                0x080008d0      0x660 ./Core/Src/state_machine.o
                0x080008d0                handle_event
 .text.setTimeDate
                0x08000f30       0x9c ./Core/Src/state_machine.o
                0x08000f30                setTimeDate
 .text.HAL_MspInit
                0x08000fcc       0x64 ./Core/Src/stm32f1xx_hal_msp.o
                0x08000fcc                HAL_MspInit
 .text.HAL_I2C_MspInit
                0x08001030       0xa0 ./Core/Src/stm32f1xx_hal_msp.o
                0x08001030                HAL_I2C_MspInit
 .text.HAL_RTC_MspInit
                0x080010d0       0x48 ./Core/Src/stm32f1xx_hal_msp.o
                0x080010d0                HAL_RTC_MspInit
 .text.HAL_TIM_Base_MspInit
                0x08001118       0x80 ./Core/Src/stm32f1xx_hal_msp.o
                0x08001118                HAL_TIM_Base_MspInit
 .text.HAL_UART_MspInit
                0x08001198       0x94 ./Core/Src/stm32f1xx_hal_msp.o
                0x08001198                HAL_UART_MspInit
 .text.NMI_Handler
                0x0800122c        0x8 ./Core/Src/stm32f1xx_it.o
                0x0800122c                NMI_Handler
 .text.HardFault_Handler
                0x08001234        0x8 ./Core/Src/stm32f1xx_it.o
                0x08001234                HardFault_Handler
 .text.MemManage_Handler
                0x0800123c        0x8 ./Core/Src/stm32f1xx_it.o
                0x0800123c                MemManage_Handler
 .text.BusFault_Handler
                0x08001244        0x8 ./Core/Src/stm32f1xx_it.o
                0x08001244                BusFault_Handler
 .text.UsageFault_Handler
                0x0800124c        0x8 ./Core/Src/stm32f1xx_it.o
                0x0800124c                UsageFault_Handler
 .text.SVC_Handler
                0x08001254        0xc ./Core/Src/stm32f1xx_it.o
                0x08001254                SVC_Handler
 .text.DebugMon_Handler
                0x08001260        0xc ./Core/Src/stm32f1xx_it.o
                0x08001260                DebugMon_Handler
 .text.PendSV_Handler
                0x0800126c        0xc ./Core/Src/stm32f1xx_it.o
                0x0800126c                PendSV_Handler
 .text.SysTick_Handler
                0x08001278        0xc ./Core/Src/stm32f1xx_it.o
                0x08001278                SysTick_Handler
 .text.TIM2_IRQHandler
                0x08001284       0x14 ./Core/Src/stm32f1xx_it.o
                0x08001284                TIM2_IRQHandler
 .text.TIM3_IRQHandler
                0x08001298       0x14 ./Core/Src/stm32f1xx_it.o
                0x08001298                TIM3_IRQHandler
 .text.EXTI15_10_IRQHandler
                0x080012ac       0x10 ./Core/Src/stm32f1xx_it.o
                0x080012ac                EXTI15_10_IRQHandler
 .text.SystemInit
                0x080012bc        0xc ./Core/Src/system_stm32f1xx.o
                0x080012bc                SystemInit
 .text.itoa     0x080012c8       0xb4 ./Core/Src/utils.o
                0x080012c8                itoa
 .text.showDateAndTime
                0x0800137c      0x224 ./Core/Src/utils.o
                0x0800137c                showDateAndTime
 .text.handleLCDMonitor
                0x080015a0       0xc0 ./Core/Src/utils.o
                0x080015a0                handleLCDMonitor
 .text.handleIdleLCDMonitor
                0x08001660      0x124 ./Core/Src/utils.o
                0x08001660                handleIdleLCDMonitor
 .text.handleFeedLCDMonitor
                0x08001784       0x38 ./Core/Src/utils.o
                0x08001784                handleFeedLCDMonitor
 .text.handleMainManuLCDMonitor
                0x080017bc       0x38 ./Core/Src/utils.o
                0x080017bc                handleMainManuLCDMonitor
 .text.handleFeedHourLCDMonitor
                0x080017f4       0x2c ./Core/Src/utils.o
                0x080017f4                handleFeedHourLCDMonitor
 .text.handleFeedMinuteLCDMonitor
                0x08001820       0x2c ./Core/Src/utils.o
                0x08001820                handleFeedMinuteLCDMonitor
 .text.handleFeedSecondLCDMonitor
                0x0800184c       0x2c ./Core/Src/utils.o
                0x0800184c                handleFeedSecondLCDMonitor
 .text.handleTimeHourLCDMonitor
                0x08001878       0x2c ./Core/Src/utils.o
                0x08001878                handleTimeHourLCDMonitor
 .text.handleTimeMinuteLCDMonitor
                0x080018a4       0x2c ./Core/Src/utils.o
                0x080018a4                handleTimeMinuteLCDMonitor
 .text.handleTimeSecondLCDMonitor
                0x080018d0       0x2c ./Core/Src/utils.o
                0x080018d0                handleTimeSecondLCDMonitor
 .text.handleFeedPeriodLCDMonitor
                0x080018fc       0xd0 ./Core/Src/utils.o
                0x080018fc                handleFeedPeriodLCDMonitor
 .text.handleYearLCDMonitor
                0x080019cc       0x2c ./Core/Src/utils.o
                0x080019cc                handleYearLCDMonitor
 .text.handleMonthLCDMonitor
                0x080019f8       0x2c ./Core/Src/utils.o
                0x080019f8                handleMonthLCDMonitor
 .text.handleDayLCDMonitor
                0x08001a24       0x2c ./Core/Src/utils.o
                0x08001a24                handleDayLCDMonitor
 .text.showSelectedTime
                0x08001a50      0x10c ./Core/Src/utils.o
                0x08001a50                showSelectedTime
 .text.showSelectedFeedTime
                0x08001b5c      0x10c ./Core/Src/utils.o
                0x08001b5c                showSelectedFeedTime
 .text.showSelectedDate
                0x08001c68      0x10c ./Core/Src/utils.o
                0x08001c68                showSelectedDate
 .text.checkIfIsTimeToFeed
                0x08001d74       0x6c ./Core/Src/utils.o
                0x08001d74                checkIfIsTimeToFeed
 .text.startFeeding
                0x08001de0       0x1c ./Core/Src/utils.o
                0x08001de0                startFeeding
 .text.stopFeeding
                0x08001dfc       0x1c ./Core/Src/utils.o
                0x08001dfc                stopFeeding
 .text.Reset_Handler
                0x08001e18       0x48 ./Core/Startup/startup_stm32f103rbtx.o
                0x08001e18                Reset_Handler
 .text.Default_Handler
                0x08001e60        0x2 ./Core/Startup/startup_stm32f103rbtx.o
                0x08001e60                RTC_Alarm_IRQHandler
                0x08001e60                EXTI2_IRQHandler
                0x08001e60                TIM1_CC_IRQHandler
                0x08001e60                PVD_IRQHandler
                0x08001e60                EXTI3_IRQHandler
                0x08001e60                EXTI0_IRQHandler
                0x08001e60                I2C2_EV_IRQHandler
                0x08001e60                ADC1_2_IRQHandler
                0x08001e60                SPI1_IRQHandler
                0x08001e60                TAMPER_IRQHandler
                0x08001e60                DMA1_Channel4_IRQHandler
                0x08001e60                USART3_IRQHandler
                0x08001e60                RTC_IRQHandler
                0x08001e60                DMA1_Channel7_IRQHandler
                0x08001e60                CAN1_RX1_IRQHandler
                0x08001e60                TIM4_IRQHandler
                0x08001e60                I2C1_EV_IRQHandler
                0x08001e60                DMA1_Channel6_IRQHandler
                0x08001e60                RCC_IRQHandler
                0x08001e60                TIM1_TRG_COM_IRQHandler
                0x08001e60                DMA1_Channel1_IRQHandler
                0x08001e60                Default_Handler
                0x08001e60                EXTI9_5_IRQHandler
                0x08001e60                SPI2_IRQHandler
                0x08001e60                DMA1_Channel5_IRQHandler
                0x08001e60                EXTI4_IRQHandler
                0x08001e60                USB_LP_CAN1_RX0_IRQHandler
                0x08001e60                USB_HP_CAN1_TX_IRQHandler
                0x08001e60                DMA1_Channel3_IRQHandler
                0x08001e60                TIM1_UP_IRQHandler
                0x08001e60                WWDG_IRQHandler
                0x08001e60                TIM1_BRK_IRQHandler
                0x08001e60                EXTI1_IRQHandler
                0x08001e60                USART2_IRQHandler
                0x08001e60                I2C2_ER_IRQHandler
                0x08001e60                DMA1_Channel2_IRQHandler
                0x08001e60                CAN1_SCE_IRQHandler
                0x08001e60                FLASH_IRQHandler
                0x08001e60                USART1_IRQHandler
                0x08001e60                I2C1_ER_IRQHandler
                0x08001e60                USBWakeUp_IRQHandler
 *fill*         0x08001e62        0x2 
 .text.HAL_Init
                0x08001e64       0x2c ./Drivers/STM32F1xx_HAL_Driver/Src/stm32f1xx_hal.o
                0x08001e64                HAL_Init
 .text.HAL_InitTick
                0x08001e90       0x60 ./Drivers/STM32F1xx_HAL_Driver/Src/stm32f1xx_hal.o
                0x08001e90                HAL_InitTick
 .text.HAL_IncTick
                0x08001ef0       0x24 ./Drivers/STM32F1xx_HAL_Driver/Src/stm32f1xx_hal.o
                0x08001ef0                HAL_IncTick
 .text.HAL_GetTick
                0x08001f14       0x14 ./Drivers/STM32F1xx_HAL_Driver/Src/stm32f1xx_hal.o
                0x08001f14                HAL_GetTick
 .text.HAL_Delay
                0x08001f28       0x48 ./Drivers/STM32F1xx_HAL_Driver/Src/stm32f1xx_hal.o
                0x08001f28                HAL_Delay
 .text.__NVIC_SetPriorityGrouping
                0x08001f70       0x48 ./Drivers/STM32F1xx_HAL_Driver/Src/stm32f1xx_hal_cortex.o
 .text.__NVIC_GetPriorityGrouping
                0x08001fb8       0x1c ./Drivers/STM32F1xx_HAL_Driver/Src/stm32f1xx_hal_cortex.o
 .text.__NVIC_EnableIRQ
                0x08001fd4       0x38 ./Drivers/STM32F1xx_HAL_Driver/Src/stm32f1xx_hal_cortex.o
 .text.__NVIC_SetPriority
                0x0800200c       0x54 ./Drivers/STM32F1xx_HAL_Driver/Src/stm32f1xx_hal_cortex.o
 .text.NVIC_EncodePriority
                0x08002060       0x64 ./Drivers/STM32F1xx_HAL_Driver/Src/stm32f1xx_hal_cortex.o
 .text.SysTick_Config
                0x080020c4       0x44 ./Drivers/STM32F1xx_HAL_Driver/Src/stm32f1xx_hal_cortex.o
 .text.HAL_NVIC_SetPriorityGrouping
                0x08002108       0x16 ./Drivers/STM32F1xx_HAL_Driver/Src/stm32f1xx_hal_cortex.o
                0x08002108                HAL_NVIC_SetPriorityGrouping
 .text.HAL_NVIC_SetPriority
                0x0800211e       0x38 ./Drivers/STM32F1xx_HAL_Driver/Src/stm32f1xx_hal_cortex.o
                0x0800211e                HAL_NVIC_SetPriority
 .text.HAL_NVIC_EnableIRQ
                0x08002156       0x1c ./Drivers/STM32F1xx_HAL_Driver/Src/stm32f1xx_hal_cortex.o
                0x08002156                HAL_NVIC_EnableIRQ
 .text.HAL_SYSTICK_Config
                0x08002172       0x18 ./Drivers/STM32F1xx_HAL_Driver/Src/stm32f1xx_hal_cortex.o
                0x08002172                HAL_SYSTICK_Config
 *fill*         0x0800218a        0x2 
 .text.HAL_GPIO_Init
                0x0800218c      0x308 ./Drivers/STM32F1xx_HAL_Driver/Src/stm32f1xx_hal_gpio.o
                0x0800218c                HAL_GPIO_Init
 .text.HAL_GPIO_ReadPin
                0x08002494       0x2e ./Drivers/STM32F1xx_HAL_Driver/Src/stm32f1xx_hal_gpio.o
                0x08002494                HAL_GPIO_ReadPin
 .text.HAL_GPIO_WritePin
                0x080024c2       0x30 ./Drivers/STM32F1xx_HAL_Driver/Src/stm32f1xx_hal_gpio.o
                0x080024c2                HAL_GPIO_WritePin
 *fill*         0x080024f2        0x2 
 .text.HAL_GPIO_EXTI_IRQHandler
                0x080024f4       0x30 ./Drivers/STM32F1xx_HAL_Driver/Src/stm32f1xx_hal_gpio.o
                0x080024f4                HAL_GPIO_EXTI_IRQHandler
 .text.HAL_GPIO_EXTI_Callback
                0x08002524       0x14 ./Drivers/STM32F1xx_HAL_Driver/Src/stm32f1xx_hal_gpio.o
                0x08002524                HAL_GPIO_EXTI_Callback
 .text.HAL_I2C_Init
                0x08002538      0x288 ./Drivers/STM32F1xx_HAL_Driver/Src/stm32f1xx_hal_i2c.o
                0x08002538                HAL_I2C_Init
 .text.HAL_I2C_Master_Transmit
                0x080027c0      0x1fc ./Drivers/STM32F1xx_HAL_Driver/Src/stm32f1xx_hal_i2c.o
                0x080027c0                HAL_I2C_Master_Transmit
 .text.I2C_MasterRequestWrite
                0x080029bc      0x104 ./Drivers/STM32F1xx_HAL_Driver/Src/stm32f1xx_hal_i2c.o
 .text.I2C_WaitOnFlagUntilTimeout
                0x08002ac0       0xf4 ./Drivers/STM32F1xx_HAL_Driver/Src/stm32f1xx_hal_i2c.o
 .text.I2C_WaitOnMasterAddressFlagUntilTimeout
                0x08002bb4      0x140 ./Drivers/STM32F1xx_HAL_Driver/Src/stm32f1xx_hal_i2c.o
 .text.I2C_WaitOnTXEFlagUntilTimeout
                0x08002cf4       0x90 ./Drivers/STM32F1xx_HAL_Driver/Src/stm32f1xx_hal_i2c.o
 .text.I2C_WaitOnBTFFlagUntilTimeout
                0x08002d84       0x90 ./Drivers/STM32F1xx_HAL_Driver/Src/stm32f1xx_hal_i2c.o
 .text.I2C_IsAcknowledgeFailed
                0x08002e14       0x5c ./Drivers/STM32F1xx_HAL_Driver/Src/stm32f1xx_hal_i2c.o
 .text.HAL_PWR_EnableBkUpAccess
                0x08002e70       0x18 ./Drivers/STM32F1xx_HAL_Driver/Src/stm32f1xx_hal_pwr.o
                0x08002e70                HAL_PWR_EnableBkUpAccess
 .text.HAL_RCC_OscConfig
                0x08002e88      0x504 ./Drivers/STM32F1xx_HAL_Driver/Src/stm32f1xx_hal_rcc.o
                0x08002e88                HAL_RCC_OscConfig
 .text.HAL_RCC_ClockConfig
                0x0800338c      0x1d4 ./Drivers/STM32F1xx_HAL_Driver/Src/stm32f1xx_hal_rcc.o
                0x0800338c                HAL_RCC_ClockConfig
 .text.HAL_RCC_GetSysClockFreq
                0x08003560       0xa8 ./Drivers/STM32F1xx_HAL_Driver/Src/stm32f1xx_hal_rcc.o
                0x08003560                HAL_RCC_GetSysClockFreq
 .text.HAL_RCC_GetHCLKFreq
                0x08003608       0x14 ./Drivers/STM32F1xx_HAL_Driver/Src/stm32f1xx_hal_rcc.o
                0x08003608                HAL_RCC_GetHCLKFreq
 .text.HAL_RCC_GetPCLK1Freq
                0x0800361c       0x28 ./Drivers/STM32F1xx_HAL_Driver/Src/stm32f1xx_hal_rcc.o
                0x0800361c                HAL_RCC_GetPCLK1Freq
 .text.HAL_RCC_GetPCLK2Freq
                0x08003644       0x28 ./Drivers/STM32F1xx_HAL_Driver/Src/stm32f1xx_hal_rcc.o
                0x08003644                HAL_RCC_GetPCLK2Freq
 .text.RCC_Delay
                0x0800366c       0x3c ./Drivers/STM32F1xx_HAL_Driver/Src/stm32f1xx_hal_rcc.o
 .text.HAL_RCCEx_PeriphCLKConfig
                0x080036a8      0x16c ./Drivers/STM32F1xx_HAL_Driver/Src/stm32f1xx_hal_rcc_ex.o
                0x080036a8                HAL_RCCEx_PeriphCLKConfig
 .text.HAL_RCCEx_GetPeriphCLKFreq
                0x08003814      0x16c ./Drivers/STM32F1xx_HAL_Driver/Src/stm32f1xx_hal_rcc_ex.o
                0x08003814                HAL_RCCEx_GetPeriphCLKFreq
 .text.HAL_RTC_Init
                0x08003980      0x118 ./Drivers/STM32F1xx_HAL_Driver/Src/stm32f1xx_hal_rtc.o
                0x08003980                HAL_RTC_Init
 .text.HAL_RTC_SetTime
                0x08003a98      0x12e ./Drivers/STM32F1xx_HAL_Driver/Src/stm32f1xx_hal_rtc.o
                0x08003a98                HAL_RTC_SetTime
 *fill*         0x08003bc6        0x2 
 .text.HAL_RTC_GetTime
                0x08003bc8      0x1b0 ./Drivers/STM32F1xx_HAL_Driver/Src/stm32f1xx_hal_rtc.o
                0x08003bc8                HAL_RTC_GetTime
 .text.HAL_RTC_SetDate
                0x08003d78      0x16c ./Drivers/STM32F1xx_HAL_Driver/Src/stm32f1xx_hal_rtc.o
                0x08003d78                HAL_RTC_SetDate
 .text.HAL_RTC_GetDate
                0x08003ee4       0xa8 ./Drivers/STM32F1xx_HAL_Driver/Src/stm32f1xx_hal_rtc.o
                0x08003ee4                HAL_RTC_GetDate
 .text.HAL_RTC_WaitForSynchro
                0x08003f8c       0x5a ./Drivers/STM32F1xx_HAL_Driver/Src/stm32f1xx_hal_rtc.o
                0x08003f8c                HAL_RTC_WaitForSynchro
 .text.RTC_ReadTimeCounter
                0x08003fe6       0x60 ./Drivers/STM32F1xx_HAL_Driver/Src/stm32f1xx_hal_rtc.o
 .text.RTC_WriteTimeCounter
                0x08004046       0x4e ./Drivers/STM32F1xx_HAL_Driver/Src/stm32f1xx_hal_rtc.o
 .text.RTC_ReadAlarmCounter
                0x08004094       0x32 ./Drivers/STM32F1xx_HAL_Driver/Src/stm32f1xx_hal_rtc.o
 .text.RTC_WriteAlarmCounter
                0x080040c6       0x4e ./Drivers/STM32F1xx_HAL_Driver/Src/stm32f1xx_hal_rtc.o
 .text.RTC_EnterInitMode
                0x08004114       0x50 ./Drivers/STM32F1xx_HAL_Driver/Src/stm32f1xx_hal_rtc.o
 .text.RTC_ExitInitMode
                0x08004164       0x50 ./Drivers/STM32F1xx_HAL_Driver/Src/stm32f1xx_hal_rtc.o
 .text.RTC_ByteToBcd2
                0x080041b4       0x3a ./Drivers/STM32F1xx_HAL_Driver/Src/stm32f1xx_hal_rtc.o
 .text.RTC_Bcd2ToByte
                0x080041ee       0x3a ./Drivers/STM32F1xx_HAL_Driver/Src/stm32f1xx_hal_rtc.o
 .text.RTC_DateUpdate
                0x08004228      0x152 ./Drivers/STM32F1xx_HAL_Driver/Src/stm32f1xx_hal_rtc.o
 *fill*         0x0800437a        0x2 
 .text.RTC_IsLeapYear
                0x0800437c       0x64 ./Drivers/STM32F1xx_HAL_Driver/Src/stm32f1xx_hal_rtc.o
 .text.RTC_WeekDayNum
                0x080043e0       0xf0 ./Drivers/STM32F1xx_HAL_Driver/Src/stm32f1xx_hal_rtc.o
 .text.HAL_TIM_Base_Init
                0x080044d0       0x9e ./Drivers/STM32F1xx_HAL_Driver/Src/stm32f1xx_hal_tim.o
                0x080044d0                HAL_TIM_Base_Init
 *fill*         0x0800456e        0x2 
 .text.HAL_TIM_Base_Start_IT
                0x08004570       0xa4 ./Drivers/STM32F1xx_HAL_Driver/Src/stm32f1xx_hal_tim.o
                0x08004570                HAL_TIM_Base_Start_IT
 .text.HAL_TIM_Base_Stop_IT
                0x08004614       0x5c ./Drivers/STM32F1xx_HAL_Driver/Src/stm32f1xx_hal_tim.o
                0x08004614                HAL_TIM_Base_Stop_IT
 .text.HAL_TIM_IRQHandler
                0x08004670      0x1e0 ./Drivers/STM32F1xx_HAL_Driver/Src/stm32f1xx_hal_tim.o
                0x08004670                HAL_TIM_IRQHandler
 .text.HAL_TIM_ConfigClockSource
                0x08004850      0x18e ./Drivers/STM32F1xx_HAL_Driver/Src/stm32f1xx_hal_tim.o
                0x08004850                HAL_TIM_ConfigClockSource
 .text.HAL_TIM_OC_DelayElapsedCallback
                0x080049de       0x12 ./Drivers/STM32F1xx_HAL_Driver/Src/stm32f1xx_hal_tim.o
                0x080049de                HAL_TIM_OC_DelayElapsedCallback
 .text.HAL_TIM_IC_CaptureCallback
                0x080049f0       0x12 ./Drivers/STM32F1xx_HAL_Driver/Src/stm32f1xx_hal_tim.o
                0x080049f0                HAL_TIM_IC_CaptureCallback
 .text.HAL_TIM_PWM_PulseFinishedCallback
                0x08004a02       0x12 ./Drivers/STM32F1xx_HAL_Driver/Src/stm32f1xx_hal_tim.o
                0x08004a02                HAL_TIM_PWM_PulseFinishedCallback
 .text.HAL_TIM_TriggerCallback
                0x08004a14       0x12 ./Drivers/STM32F1xx_HAL_Driver/Src/stm32f1xx_hal_tim.o
                0x08004a14                HAL_TIM_TriggerCallback
 *fill*         0x08004a26        0x2 
 .text.TIM_Base_SetConfig
                0x08004a28       0xdc ./Drivers/STM32F1xx_HAL_Driver/Src/stm32f1xx_hal_tim.o
                0x08004a28                TIM_Base_SetConfig
 .text.TIM_TI1_ConfigInputStage
                0x08004b04       0x5c ./Drivers/STM32F1xx_HAL_Driver/Src/stm32f1xx_hal_tim.o
 .text.TIM_TI2_ConfigInputStage
                0x08004b60       0x5e ./Drivers/STM32F1xx_HAL_Driver/Src/stm32f1xx_hal_tim.o
 .text.TIM_ITRx_SetConfig
                0x08004bbe       0x34 ./Drivers/STM32F1xx_HAL_Driver/Src/stm32f1xx_hal_tim.o
 .text.TIM_ETR_SetConfig
                0x08004bf2       0x3e ./Drivers/STM32F1xx_HAL_Driver/Src/stm32f1xx_hal_tim.o
                0x08004bf2                TIM_ETR_SetConfig
 .text.HAL_TIMEx_MasterConfigSynchronization
                0x08004c30       0xbc ./Drivers/STM32F1xx_HAL_Driver/Src/stm32f1xx_hal_tim_ex.o
                0x08004c30                HAL_TIMEx_MasterConfigSynchronization
 .text.HAL_TIMEx_CommutCallback
                0x08004cec       0x12 ./Drivers/STM32F1xx_HAL_Driver/Src/stm32f1xx_hal_tim_ex.o
                0x08004cec                HAL_TIMEx_CommutCallback
 .text.HAL_TIMEx_BreakCallback
                0x08004cfe       0x12 ./Drivers/STM32F1xx_HAL_Driver/Src/stm32f1xx_hal_tim_ex.o
                0x08004cfe                HAL_TIMEx_BreakCallback
 .text.HAL_UART_Init
                0x08004d10       0xa0 ./Drivers/STM32F1xx_HAL_Driver/Src/stm32f1xx_hal_uart.o
                0x08004d10                HAL_UART_Init
 .text.UART_SetConfig
                0x08004db0      0x11c ./Drivers/STM32F1xx_HAL_Driver/Src/stm32f1xx_hal_uart.o
 .text.memset   0x08004ecc       0x10 C:/ST/STM32CubeIDE_1.17.0/STM32CubeIDE/plugins/com.st.stm32cube.ide.mcu.externaltools.gnu-tools-for-stm32.12.3.rel1.win32_1.1.0.202410251130/tools/bin/../lib/gcc/arm-none-eabi/12.3.1/../../../../arm-none-eabi/lib/thumb/v7-m/nofp\libc_nano.a(libc_a-memset.o)
                0x08004ecc                memset
 .text.__libc_init_array
                0x08004edc       0x48 C:/ST/STM32CubeIDE_1.17.0/STM32CubeIDE/plugins/com.st.stm32cube.ide.mcu.externaltools.gnu-tools-for-stm32.12.3.rel1.win32_1.1.0.202410251130/tools/bin/../lib/gcc/arm-none-eabi/12.3.1/../../../../arm-none-eabi/lib/thumb/v7-m/nofp\libc_nano.a(libc_a-init.o)
                0x08004edc                __libc_init_array
 *(.glue_7)
 .glue_7        0x08004f24        0x0 linker stubs
 *(.glue_7t)
 .glue_7t       0x08004f24        0x0 linker stubs
 *(.eh_frame)
 .eh_frame      0x08004f24        0x0 C:/ST/STM32CubeIDE_1.17.0/STM32CubeIDE/plugins/com.st.stm32cube.ide.mcu.externaltools.gnu-tools-for-stm32.12.3.rel1.win32_1.1.0.202410251130/tools/bin/../lib/gcc/arm-none-eabi/12.3.1/thumb/v7-m/nofp/crtbegin.o
 *(.init)
 .init          0x08004f24        0x4 C:/ST/STM32CubeIDE_1.17.0/STM32CubeIDE/plugins/com.st.stm32cube.ide.mcu.externaltools.gnu-tools-for-stm32.12.3.rel1.win32_1.1.0.202410251130/tools/bin/../lib/gcc/arm-none-eabi/12.3.1/thumb/v7-m/nofp/crti.o
                0x08004f24                _init
 .init          0x08004f28        0x8 C:/ST/STM32CubeIDE_1.17.0/STM32CubeIDE/plugins/com.st.stm32cube.ide.mcu.externaltools.gnu-tools-for-stm32.12.3.rel1.win32_1.1.0.202410251130/tools/bin/../lib/gcc/arm-none-eabi/12.3.1/thumb/v7-m/nofp/crtn.o
 *(.fini)
 .fini          0x08004f30        0x4 C:/ST/STM32CubeIDE_1.17.0/STM32CubeIDE/plugins/com.st.stm32cube.ide.mcu.externaltools.gnu-tools-for-stm32.12.3.rel1.win32_1.1.0.202410251130/tools/bin/../lib/gcc/arm-none-eabi/12.3.1/thumb/v7-m/nofp/crti.o
                0x08004f30                _fini
 .fini          0x08004f34        0x8 C:/ST/STM32CubeIDE_1.17.0/STM32CubeIDE/plugins/com.st.stm32cube.ide.mcu.externaltools.gnu-tools-for-stm32.12.3.rel1.win32_1.1.0.202410251130/tools/bin/../lib/gcc/arm-none-eabi/12.3.1/thumb/v7-m/nofp/crtn.o
                0x08004f3c                        . = ALIGN (0x4)
                0x08004f3c                        _etext = .

.vfp11_veneer   0x08004f3c        0x0
 .vfp11_veneer  0x08004f3c        0x0 linker stubs

.v4_bx          0x08004f3c        0x0
 .v4_bx         0x08004f3c        0x0 linker stubs

.iplt           0x08004f3c        0x0
 .iplt          0x08004f3c        0x0 C:/ST/STM32CubeIDE_1.17.0/STM32CubeIDE/plugins/com.st.stm32cube.ide.mcu.externaltools.gnu-tools-for-stm32.12.3.rel1.win32_1.1.0.202410251130/tools/bin/../lib/gcc/arm-none-eabi/12.3.1/thumb/v7-m/nofp/crtbegin.o

.rodata         0x08004f3c      0x1d0
                0x08004f3c                        . = ALIGN (0x4)
 *(.rodata)
 .rodata        0x08004f3c      0x18f ./Core/Src/utils.o
 *(.rodata*)
 *fill*         0x080050cb        0x1 
 .rodata.AHBPrescTable
                0x080050cc       0x10 ./Core/Src/system_stm32f1xx.o
                0x080050cc                AHBPrescTable
 .rodata.APBPrescTable
                0x080050dc        0x8 ./Core/Src/system_stm32f1xx.o
                0x080050dc                APBPrescTable
 .rodata.aPLLMULFactorTable.1
                0x080050e4       0x10 ./Drivers/STM32F1xx_HAL_Driver/Src/stm32f1xx_hal_rcc.o
 .rodata.aPredivFactorTable.0
                0x080050f4        0x2 ./Drivers/STM32F1xx_HAL_Driver/Src/stm32f1xx_hal_rcc.o
 *fill*         0x080050f6        0x2 
 .rodata.aPLLMULFactorTable.1
                0x080050f8       0x10 ./Drivers/STM32F1xx_HAL_Driver/Src/stm32f1xx_hal_rcc_ex.o
 .rodata.aPredivFactorTable.0
                0x08005108        0x2 ./Drivers/STM32F1xx_HAL_Driver/Src/stm32f1xx_hal_rcc_ex.o
                0x0800510c                        . = ALIGN (0x4)
 *fill*         0x0800510a        0x2 

.ARM.extab      0x0800510c        0x0
                0x0800510c                        . = ALIGN (0x4)
 *(.ARM.extab* .gnu.linkonce.armextab.*)
                0x0800510c                        . = ALIGN (0x4)

.ARM            0x0800510c        0x0
                0x0800510c                        . = ALIGN (0x4)
                0x0800510c                        __exidx_start = .
 *(.ARM.exidx*)
                0x0800510c                        __exidx_end = .
                0x0800510c                        . = ALIGN (0x4)

.preinit_array  0x0800510c        0x0
                0x0800510c                        . = ALIGN (0x4)
                0x0800510c                        PROVIDE (__preinit_array_start = .)
 *(.preinit_array*)
                0x0800510c                        PROVIDE (__preinit_array_end = .)
                0x0800510c                        . = ALIGN (0x4)

.init_array     0x0800510c        0x4
                0x0800510c                        . = ALIGN (0x4)
                0x0800510c                        PROVIDE (__init_array_start = .)
 *(SORT_BY_NAME(.init_array.*))
 *(.init_array*)
 .init_array    0x0800510c        0x4 C:/ST/STM32CubeIDE_1.17.0/STM32CubeIDE/plugins/com.st.stm32cube.ide.mcu.externaltools.gnu-tools-for-stm32.12.3.rel1.win32_1.1.0.202410251130/tools/bin/../lib/gcc/arm-none-eabi/12.3.1/thumb/v7-m/nofp/crtbegin.o
                0x08005110                        PROVIDE (__init_array_end = .)
                0x08005110                        . = ALIGN (0x4)

.fini_array     0x08005110        0x4
                0x08005110                        . = ALIGN (0x4)
                [!provide]                        PROVIDE (__fini_array_start = .)
 *(SORT_BY_NAME(.fini_array.*))
 *(.fini_array*)
 .fini_array    0x08005110        0x4 C:/ST/STM32CubeIDE_1.17.0/STM32CubeIDE/plugins/com.st.stm32cube.ide.mcu.externaltools.gnu-tools-for-stm32.12.3.rel1.win32_1.1.0.202410251130/tools/bin/../lib/gcc/arm-none-eabi/12.3.1/thumb/v7-m/nofp/crtbegin.o
                [!provide]                        PROVIDE (__fini_array_end = .)
                0x08005114                        . = ALIGN (0x4)
                0x08005114                        _sidata = LOADADDR (.data)

.rel.dyn        0x08005114        0x0
 .rel.iplt      0x08005114        0x0 C:/ST/STM32CubeIDE_1.17.0/STM32CubeIDE/plugins/com.st.stm32cube.ide.mcu.externaltools.gnu-tools-for-stm32.12.3.rel1.win32_1.1.0.202410251130/tools/bin/../lib/gcc/arm-none-eabi/12.3.1/thumb/v7-m/nofp/crtbegin.o

.data           0x20000000       0x18 load address 0x08005114
                0x20000000                        . = ALIGN (0x4)
                0x20000000                        _sdata = .
 *(.data)
 *(.data*)
 .data.selectedHour
                0x20000000        0x1 ./Core/Src/state_machine.o
                0x20000000                selectedHour
 .data.selectedMinute
                0x20000001        0x1 ./Core/Src/state_machine.o
                0x20000001                selectedMinute
 .data.selectedSecond
                0x20000002        0x1 ./Core/Src/state_machine.o
                0x20000002                selectedSecond
 .data.selectedYear
                0x20000003        0x1 ./Core/Src/state_machine.o
                0x20000003                selectedYear
 .data.selectedMonth
                0x20000004        0x1 ./Core/Src/state_machine.o
                0x20000004                selectedMonth
 .data.selectedDay
                0x20000005        0x1 ./Core/Src/state_machine.o
                0x20000005                selectedDay
 .data.selectedFeedHour
                0x20000006        0x1 ./Core/Src/state_machine.o
                0x20000006                selectedFeedHour
 .data.selectedFeedMinute
                0x20000007        0x1 ./Core/Src/state_machine.o
                0x20000007                selectedFeedMinute
 .data.selectedFeedSecond
                0x20000008        0x1 ./Core/Src/state_machine.o
                0x20000008                selectedFeedSecond
 *fill*         0x20000009        0x1 
 .data.feedDuration
                0x2000000a        0x2 ./Core/Src/state_machine.o
                0x2000000a                feedDuration
 .data.SystemCoreClock
                0x2000000c        0x4 ./Core/Src/system_stm32f1xx.o
                0x2000000c                SystemCoreClock
 .data.uwTickPrio
                0x20000010        0x4 ./Drivers/STM32F1xx_HAL_Driver/Src/stm32f1xx_hal.o
                0x20000010                uwTickPrio
 .data.uwTickFreq
                0x20000014        0x1 ./Drivers/STM32F1xx_HAL_Driver/Src/stm32f1xx_hal.o
                0x20000014                uwTickFreq
 *(.RamFunc)
 *(.RamFunc*)
                0x20000018                        . = ALIGN (0x4)
 *fill*         0x20000015        0x3 
                0x20000018                        _edata = .

.igot.plt       0x20000018        0x0 load address 0x0800512c
 .igot.plt      0x20000018        0x0 C:/ST/STM32CubeIDE_1.17.0/STM32CubeIDE/plugins/com.st.stm32cube.ide.mcu.externaltools.gnu-tools-for-stm32.12.3.rel1.win32_1.1.0.202410251130/tools/bin/../lib/gcc/arm-none-eabi/12.3.1/thumb/v7-m/nofp/crtbegin.o
                0x20000018                        . = ALIGN (0x4)

.bss            0x20000018      0x188 load address 0x0800512c
                0x20000018                        _sbss = .
                0x20000018                        __bss_start__ = _sbss
 *(.bss)
 .bss           0x20000018       0x1c C:/ST/STM32CubeIDE_1.17.0/STM32CubeIDE/plugins/com.st.stm32cube.ide.mcu.externaltools.gnu-tools-for-stm32.12.3.rel1.win32_1.1.0.202410251130/tools/bin/../lib/gcc/arm-none-eabi/12.3.1/thumb/v7-m/nofp/crtbegin.o
 *(.bss*)
 .bss.hi2c1     0x20000034       0x54 ./Core/Src/main.o
                0x20000034                hi2c1
 .bss.hrtc      0x20000088       0x14 ./Core/Src/main.o
                0x20000088                hrtc
 .bss.htim2     0x2000009c       0x48 ./Core/Src/main.o
                0x2000009c                htim2
 .bss.htim3     0x200000e4       0x48 ./Core/Src/main.o
                0x200000e4                htim3
 .bss.huart2    0x2000012c       0x48 ./Core/Src/main.o
                0x2000012c                huart2
 .bss.buttonStableState
                0x20000174        0x4 ./Core/Src/main.o
                0x20000174                buttonStableState
 .bss.buttonCounter
                0x20000178        0x4 ./Core/Src/main.o
                0x20000178                buttonCounter
 .bss.currentState
                0x2000017c        0x1 ./Core/Src/main.o
                0x2000017c                currentState
 .bss.lastState
                0x2000017d        0x1 ./Core/Src/main.o
                0x2000017d                lastState
 *fill*         0x2000017e        0x2 
 .bss.setTime.1
                0x20000180        0x3 ./Core/Src/state_machine.o
 *fill*         0x20000183        0x1 
 .bss.setDate.0
                0x20000184        0x4 ./Core/Src/state_machine.o
 .bss.temp.0    0x20000188       0x14 ./Core/Src/utils.o
 .bss.uwTick    0x2000019c        0x4 ./Drivers/STM32F1xx_HAL_Driver/Src/stm32f1xx_hal.o
                0x2000019c                uwTick
 *(COMMON)
                0x200001a0                        . = ALIGN (0x4)
                0x200001a0                        _ebss = .
                0x200001a0                        __bss_end__ = _ebss

._user_heap_stack
                0x200001a0      0x600 load address 0x0800512c
                0x200001a0                        . = ALIGN (0x8)
                [!provide]                        PROVIDE (end = .)
                0x200001a0                        PROVIDE (_end = .)
                0x200003a0                        . = (. + _Min_Heap_Size)
 *fill*         0x200001a0      0x200 
                0x200007a0                        . = (. + _Min_Stack_Size)
 *fill*         0x200003a0      0x400 
                0x200007a0                        . = ALIGN (0x8)

/DISCARD/
 libc.a(*)
 libm.a(*)
 libgcc.a(*)

.ARM.attributes
                0x00000000       0x29
 *(.ARM.attributes)
 .ARM.attributes
                0x00000000       0x1d C:/ST/STM32CubeIDE_1.17.0/STM32CubeIDE/plugins/com.st.stm32cube.ide.mcu.externaltools.gnu-tools-for-stm32.12.3.rel1.win32_1.1.0.202410251130/tools/bin/../lib/gcc/arm-none-eabi/12.3.1/thumb/v7-m/nofp/crti.o
 .ARM.attributes
                0x0000001d       0x2d C:/ST/STM32CubeIDE_1.17.0/STM32CubeIDE/plugins/com.st.stm32cube.ide.mcu.externaltools.gnu-tools-for-stm32.12.3.rel1.win32_1.1.0.202410251130/tools/bin/../lib/gcc/arm-none-eabi/12.3.1/thumb/v7-m/nofp/crtbegin.o
 .ARM.attributes
                0x0000004a       0x2d ./Core/Src/i2c-lcd.o
 .ARM.attributes
                0x00000077       0x2d ./Core/Src/main.o
 .ARM.attributes
                0x000000a4       0x2d ./Core/Src/state_machine.o
 .ARM.attributes
                0x000000d1       0x2d ./Core/Src/stm32f1xx_hal_msp.o
 .ARM.attributes
                0x000000fe       0x2d ./Core/Src/stm32f1xx_it.o
 .ARM.attributes
                0x0000012b       0x2d ./Core/Src/system_stm32f1xx.o
 .ARM.attributes
                0x00000158       0x2d ./Core/Src/utils.o
 .ARM.attributes
                0x00000185       0x21 ./Core/Startup/startup_stm32f103rbtx.o
 .ARM.attributes
                0x000001a6       0x2d ./Drivers/STM32F1xx_HAL_Driver/Src/stm32f1xx_hal.o
 .ARM.attributes
                0x000001d3       0x2d ./Drivers/STM32F1xx_HAL_Driver/Src/stm32f1xx_hal_cortex.o
 .ARM.attributes
                0x00000200       0x2d ./Drivers/STM32F1xx_HAL_Driver/Src/stm32f1xx_hal_gpio.o
 .ARM.attributes
                0x0000022d       0x2d ./Drivers/STM32F1xx_HAL_Driver/Src/stm32f1xx_hal_i2c.o
 .ARM.attributes
                0x0000025a       0x2d ./Drivers/STM32F1xx_HAL_Driver/Src/stm32f1xx_hal_pwr.o
 .ARM.attributes
                0x00000287       0x2d ./Drivers/STM32F1xx_HAL_Driver/Src/stm32f1xx_hal_rcc.o
 .ARM.attributes
                0x000002b4       0x2d ./Drivers/STM32F1xx_HAL_Driver/Src/stm32f1xx_hal_rcc_ex.o
 .ARM.attributes
                0x000002e1       0x2d ./Drivers/STM32F1xx_HAL_Driver/Src/stm32f1xx_hal_rtc.o
 .ARM.attributes
                0x0000030e       0x2d ./Drivers/STM32F1xx_HAL_Driver/Src/stm32f1xx_hal_tim.o
 .ARM.attributes
                0x0000033b       0x2d ./Drivers/STM32F1xx_HAL_Driver/Src/stm32f1xx_hal_tim_ex.o
 .ARM.attributes
                0x00000368       0x2d ./Drivers/STM32F1xx_HAL_Driver/Src/stm32f1xx_hal_uart.o
 .ARM.attributes
                0x00000395       0x2d C:/ST/STM32CubeIDE_1.17.0/STM32CubeIDE/plugins/com.st.stm32cube.ide.mcu.externaltools.gnu-tools-for-stm32.12.3.rel1.win32_1.1.0.202410251130/tools/bin/../lib/gcc/arm-none-eabi/12.3.1/../../../../arm-none-eabi/lib/thumb/v7-m/nofp\libc_nano.a(libc_a-memset.o)
 .ARM.attributes
                0x000003c2       0x2d C:/ST/STM32CubeIDE_1.17.0/STM32CubeIDE/plugins/com.st.stm32cube.ide.mcu.externaltools.gnu-tools-for-stm32.12.3.rel1.win32_1.1.0.202410251130/tools/bin/../lib/gcc/arm-none-eabi/12.3.1/../../../../arm-none-eabi/lib/thumb/v7-m/nofp\libc_nano.a(libc_a-init.o)
 .ARM.attributes
                0x000003ef       0x1d C:/ST/STM32CubeIDE_1.17.0/STM32CubeIDE/plugins/com.st.stm32cube.ide.mcu.externaltools.gnu-tools-for-stm32.12.3.rel1.win32_1.1.0.202410251130/tools/bin/../lib/gcc/arm-none-eabi/12.3.1/thumb/v7-m/nofp/crtn.o
OUTPUT(MilkaFeeder25.elf elf32-littlearm)
LOAD linker stubs
LOAD C:/ST/STM32CubeIDE_1.17.0/STM32CubeIDE/plugins/com.st.stm32cube.ide.mcu.externaltools.gnu-tools-for-stm32.12.3.rel1.win32_1.1.0.202410251130/tools/bin/../lib/gcc/arm-none-eabi/12.3.1/../../../../arm-none-eabi/lib/thumb/v7-m/nofp\libc.a
LOAD C:/ST/STM32CubeIDE_1.17.0/STM32CubeIDE/plugins/com.st.stm32cube.ide.mcu.externaltools.gnu-tools-for-stm32.12.3.rel1.win32_1.1.0.202410251130/tools/bin/../lib/gcc/arm-none-eabi/12.3.1/../../../../arm-none-eabi/lib/thumb/v7-m/nofp\libm.a
LOAD C:/ST/STM32CubeIDE_1.17.0/STM32CubeIDE/plugins/com.st.stm32cube.ide.mcu.externaltools.gnu-tools-for-stm32.12.3.rel1.win32_1.1.0.202410251130/tools/bin/../lib/gcc/arm-none-eabi/12.3.1/thumb/v7-m/nofp\libgcc.a

.debug_info     0x00000000    0x1164c
 .debug_info    0x00000000      0x700 ./Core/Src/i2c-lcd.o
 .debug_info    0x00000700     0x180b ./Core/Src/main.o
 .debug_info    0x00001f0b      0x5b9 ./Core/Src/state_machine.o
 .debug_info    0x000024c4     0x12c0 ./Core/Src/stm32f1xx_hal_msp.o
 .debug_info    0x00003784      0x6f3 ./Core/Src/stm32f1xx_it.o
 .debug_info    0x00003e77      0x222 ./Core/Src/system_stm32f1xx.o
 .debug_info    0x00004099      0xe18 ./Core/Src/utils.o
 .debug_info    0x00004eb1       0x30 ./Core/Startup/startup_stm32f103rbtx.o
 .debug_info    0x00004ee1      0x704 ./Drivers/STM32F1xx_HAL_Driver/Src/stm32f1xx_hal.o
 .debug_info    0x000055e5      0xa87 ./Drivers/STM32F1xx_HAL_Driver/Src/stm32f1xx_hal_cortex.o
 .debug_info    0x0000606c      0x5ab ./Drivers/STM32F1xx_HAL_Driver/Src/stm32f1xx_hal_gpio.o
 .debug_info    0x00006617     0x2524 ./Drivers/STM32F1xx_HAL_Driver/Src/stm32f1xx_hal_i2c.o
 .debug_info    0x00008b3b      0x628 ./Drivers/STM32F1xx_HAL_Driver/Src/stm32f1xx_hal_pwr.o
 .debug_info    0x00009163      0x7d5 ./Drivers/STM32F1xx_HAL_Driver/Src/stm32f1xx_hal_rcc.o
 .debug_info    0x00009938      0x3c0 ./Drivers/STM32F1xx_HAL_Driver/Src/stm32f1xx_hal_rcc_ex.o
 .debug_info    0x00009cf8      0xc73 ./Drivers/STM32F1xx_HAL_Driver/Src/stm32f1xx_hal_rtc.o
 .debug_info    0x0000a96b     0x2959 ./Drivers/STM32F1xx_HAL_Driver/Src/stm32f1xx_hal_tim.o
 .debug_info    0x0000d2c4     0x149b ./Drivers/STM32F1xx_HAL_Driver/Src/stm32f1xx_hal_tim_ex.o
 .debug_info    0x0000e75f     0x2eed ./Drivers/STM32F1xx_HAL_Driver/Src/stm32f1xx_hal_uart.o

.debug_abbrev   0x00000000     0x28fa
 .debug_abbrev  0x00000000      0x1eb ./Core/Src/i2c-lcd.o
 .debug_abbrev  0x000001eb      0x376 ./Core/Src/main.o
 .debug_abbrev  0x00000561      0x1da ./Core/Src/state_machine.o
 .debug_abbrev  0x0000073b      0x24c ./Core/Src/stm32f1xx_hal_msp.o
 .debug_abbrev  0x00000987      0x1a8 ./Core/Src/stm32f1xx_it.o
 .debug_abbrev  0x00000b2f      0x13f ./Core/Src/system_stm32f1xx.o
 .debug_abbrev  0x00000c6e      0x2a6 ./Core/Src/utils.o
 .debug_abbrev  0x00000f14       0x24 ./Core/Startup/startup_stm32f103rbtx.o
 .debug_abbrev  0x00000f38      0x201 ./Drivers/STM32F1xx_HAL_Driver/Src/stm32f1xx_hal.o
 .debug_abbrev  0x00001139      0x2f8 ./Drivers/STM32F1xx_HAL_Driver/Src/stm32f1xx_hal_cortex.o
 .debug_abbrev  0x00001431      0x1ca ./Drivers/STM32F1xx_HAL_Driver/Src/stm32f1xx_hal_gpio.o
 .debug_abbrev  0x000015fb      0x2a3 ./Drivers/STM32F1xx_HAL_Driver/Src/stm32f1xx_hal_i2c.o
 .debug_abbrev  0x0000189e      0x1f6 ./Drivers/STM32F1xx_HAL_Driver/Src/stm32f1xx_hal_pwr.o
 .debug_abbrev  0x00001a94      0x2b3 ./Drivers/STM32F1xx_HAL_Driver/Src/stm32f1xx_hal_rcc.o
 .debug_abbrev  0x00001d47      0x188 ./Drivers/STM32F1xx_HAL_Driver/Src/stm32f1xx_hal_rcc_ex.o
 .debug_abbrev  0x00001ecf      0x23a ./Drivers/STM32F1xx_HAL_Driver/Src/stm32f1xx_hal_rtc.o
 .debug_abbrev  0x00002109      0x277 ./Drivers/STM32F1xx_HAL_Driver/Src/stm32f1xx_hal_tim.o
 .debug_abbrev  0x00002380      0x282 ./Drivers/STM32F1xx_HAL_Driver/Src/stm32f1xx_hal_tim_ex.o
 .debug_abbrev  0x00002602      0x2f8 ./Drivers/STM32F1xx_HAL_Driver/Src/stm32f1xx_hal_uart.o

.debug_aranges  0x00000000     0x1178
 .debug_aranges
                0x00000000       0x40 ./Core/Src/i2c-lcd.o
 .debug_aranges
                0x00000040       0x88 ./Core/Src/main.o
 .debug_aranges
                0x000000c8       0x28 ./Core/Src/state_machine.o
 .debug_aranges
                0x000000f0       0x60 ./Core/Src/stm32f1xx_hal_msp.o
 .debug_aranges
                0x00000150       0x78 ./Core/Src/stm32f1xx_it.o
 .debug_aranges
                0x000001c8       0x28 ./Core/Src/system_stm32f1xx.o
 .debug_aranges
                0x000001f0       0xe0 ./Core/Src/utils.o
 .debug_aranges
                0x000002d0       0x28 ./Core/Startup/startup_stm32f103rbtx.o
 .debug_aranges
                0x000002f8       0xe0 ./Drivers/STM32F1xx_HAL_Driver/Src/stm32f1xx_hal.o
 .debug_aranges
                0x000003d8      0x100 ./Drivers/STM32F1xx_HAL_Driver/Src/stm32f1xx_hal_cortex.o
 .debug_aranges
                0x000004d8       0x58 ./Drivers/STM32F1xx_HAL_Driver/Src/stm32f1xx_hal_gpio.o
 .debug_aranges
                0x00000530      0x2a8 ./Drivers/STM32F1xx_HAL_Driver/Src/stm32f1xx_hal_i2c.o
 .debug_aranges
                0x000007d8       0xa8 ./Drivers/STM32F1xx_HAL_Driver/Src/stm32f1xx_hal_pwr.o
 .debug_aranges
                0x00000880       0x90 ./Drivers/STM32F1xx_HAL_Driver/Src/stm32f1xx_hal_rcc.o
 .debug_aranges
                0x00000910       0x30 ./Drivers/STM32F1xx_HAL_Driver/Src/stm32f1xx_hal_rcc_ex.o
 .debug_aranges
                0x00000940       0xf8 ./Drivers/STM32F1xx_HAL_Driver/Src/stm32f1xx_hal_rtc.o
 .debug_aranges
                0x00000a38      0x3d0 ./Drivers/STM32F1xx_HAL_Driver/Src/stm32f1xx_hal_tim.o
 .debug_aranges
                0x00000e08      0x168 ./Drivers/STM32F1xx_HAL_Driver/Src/stm32f1xx_hal_tim_ex.o
 .debug_aranges
                0x00000f70      0x208 ./Drivers/STM32F1xx_HAL_Driver/Src/stm32f1xx_hal_uart.o

.debug_rnglists
                0x00000000      0xdc2
 .debug_rnglists
                0x00000000       0x2b ./Core/Src/i2c-lcd.o
 .debug_rnglists
                0x0000002b       0x67 ./Core/Src/main.o
 .debug_rnglists
                0x00000092       0x1b ./Core/Src/state_machine.o
 .debug_rnglists
                0x000000ad       0x46 ./Core/Src/stm32f1xx_hal_msp.o
 .debug_rnglists
                0x000000f3       0x55 ./Core/Src/stm32f1xx_it.o
 .debug_rnglists
                0x00000148       0x1a ./Core/Src/system_stm32f1xx.o
 .debug_rnglists
                0x00000162       0xab ./Core/Src/utils.o
 .debug_rnglists
                0x0000020d       0x19 ./Core/Startup/startup_stm32f103rbtx.o
 .debug_rnglists
                0x00000226       0xa3 ./Drivers/STM32F1xx_HAL_Driver/Src/stm32f1xx_hal.o
 .debug_rnglists
                0x000002c9       0xbb ./Drivers/STM32F1xx_HAL_Driver/Src/stm32f1xx_hal_cortex.o
 .debug_rnglists
                0x00000384       0x3f ./Drivers/STM32F1xx_HAL_Driver/Src/stm32f1xx_hal_gpio.o
 .debug_rnglists
                0x000003c3      0x23c ./Drivers/STM32F1xx_HAL_Driver/Src/stm32f1xx_hal_i2c.o
 .debug_rnglists
                0x000005ff       0x7a ./Drivers/STM32F1xx_HAL_Driver/Src/stm32f1xx_hal_pwr.o
 .debug_rnglists
                0x00000679       0x6c ./Drivers/STM32F1xx_HAL_Driver/Src/stm32f1xx_hal_rcc.o
 .debug_rnglists
                0x000006e5       0x21 ./Drivers/STM32F1xx_HAL_Driver/Src/stm32f1xx_hal_rcc_ex.o
 .debug_rnglists
                0x00000706       0xc1 ./Drivers/STM32F1xx_HAL_Driver/Src/stm32f1xx_hal_rtc.o
 .debug_rnglists
                0x000007c7      0x31a ./Drivers/STM32F1xx_HAL_Driver/Src/stm32f1xx_hal_tim.o
 .debug_rnglists
                0x00000ae1      0x125 ./Drivers/STM32F1xx_HAL_Driver/Src/stm32f1xx_hal_tim_ex.o
 .debug_rnglists
                0x00000c06      0x1bc ./Drivers/STM32F1xx_HAL_Driver/Src/stm32f1xx_hal_uart.o

.debug_macro    0x00000000    0x18123
 .debug_macro   0x00000000      0x1cb ./Core/Src/i2c-lcd.o
 .debug_macro   0x000001cb      0xaa8 ./Core/Src/i2c-lcd.o
 .debug_macro   0x00000c73      0x227 ./Core/Src/i2c-lcd.o
 .debug_macro   0x00000e9a       0x2e ./Core/Src/i2c-lcd.o
 .debug_macro   0x00000ec8       0x22 ./Core/Src/i2c-lcd.o
 .debug_macro   0x00000eea       0x22 ./Core/Src/i2c-lcd.o
 .debug_macro   0x00000f0c       0x8e ./Core/Src/i2c-lcd.o
 .debug_macro   0x00000f9a       0x51 ./Core/Src/i2c-lcd.o
 .debug_macro   0x00000feb      0x103 ./Core/Src/i2c-lcd.o
 .debug_macro   0x000010ee       0x6a ./Core/Src/i2c-lcd.o
 .debug_macro   0x00001158      0x1df ./Core/Src/i2c-lcd.o
 .debug_macro   0x00001337       0x1c ./Core/Src/i2c-lcd.o
 .debug_macro   0x00001353       0x22 ./Core/Src/i2c-lcd.o
 .debug_macro   0x00001375       0xbd ./Core/Src/i2c-lcd.o
 .debug_macro   0x00001432      0xd23 ./Core/Src/i2c-lcd.o
 .debug_macro   0x00002155     0xe09e ./Core/Src/i2c-lcd.o
 .debug_macro   0x000101f3       0x6d ./Core/Src/i2c-lcd.o
 .debug_macro   0x00010260     0x34a2 ./Core/Src/i2c-lcd.o
 .debug_macro   0x00013702      0x189 ./Core/Src/i2c-lcd.o
 .debug_macro   0x0001388b       0x5c ./Core/Src/i2c-lcd.o
 .debug_macro   0x000138e7      0x5bc ./Core/Src/i2c-lcd.o
 .debug_macro   0x00013ea3      0x289 ./Core/Src/i2c-lcd.o
 .debug_macro   0x0001412c      0x1cb ./Core/Src/i2c-lcd.o
 .debug_macro   0x000142f7      0x114 ./Core/Src/i2c-lcd.o
 .debug_macro   0x0001440b      0x1b2 ./Core/Src/i2c-lcd.o
 .debug_macro   0x000145bd       0x27 ./Core/Src/i2c-lcd.o
 .debug_macro   0x000145e4      0x136 ./Core/Src/i2c-lcd.o
 .debug_macro   0x0001471a      0x1bc ./Core/Src/i2c-lcd.o
 .debug_macro   0x000148d6       0x34 ./Core/Src/i2c-lcd.o
 .debug_macro   0x0001490a       0x3c ./Core/Src/i2c-lcd.o
 .debug_macro   0x00014946       0x57 ./Core/Src/i2c-lcd.o
 .debug_macro   0x0001499d       0x87 ./Core/Src/i2c-lcd.o
 .debug_macro   0x00014a24      0x240 ./Core/Src/i2c-lcd.o
 .debug_macro   0x00014c64      0x287 ./Core/Src/i2c-lcd.o
 .debug_macro   0x00014eeb      0x140 ./Core/Src/i2c-lcd.o
 .debug_macro   0x0001502b      0x1ef ./Core/Src/i2c-lcd.o
 .debug_macro   0x0001521a       0xeb ./Core/Src/i2c-lcd.o
 .debug_macro   0x00015305      0x8ed ./Core/Src/i2c-lcd.o
 .debug_macro   0x00015bf2      0x28e ./Core/Src/i2c-lcd.o
 .debug_macro   0x00015e80       0x83 ./Core/Src/i2c-lcd.o
 .debug_macro   0x00015f03      0x220 ./Core/Src/main.o
 .debug_macro   0x00016123       0x8e ./Core/Src/main.o
 .debug_macro   0x000161b1      0x1cf ./Core/Src/state_machine.o
 .debug_macro   0x00016380      0x1ec ./Core/Src/stm32f1xx_hal_msp.o
 .debug_macro   0x0001656c      0x1f6 ./Core/Src/stm32f1xx_it.o
 .debug_macro   0x00016762      0x1c1 ./Core/Src/system_stm32f1xx.o
 .debug_macro   0x00016923      0x2c8 ./Core/Src/utils.o
 .debug_macro   0x00016beb       0x61 ./Core/Src/utils.o
 .debug_macro   0x00016c4c       0x16 ./Core/Src/utils.o
 .debug_macro   0x00016c62       0x16 ./Core/Src/utils.o
 .debug_macro   0x00016c78      0x1e5 ./Drivers/STM32F1xx_HAL_Driver/Src/stm32f1xx_hal.o
 .debug_macro   0x00016e5d      0x1c1 ./Drivers/STM32F1xx_HAL_Driver/Src/stm32f1xx_hal_cortex.o
 .debug_macro   0x0001701e      0x22c ./Drivers/STM32F1xx_HAL_Driver/Src/stm32f1xx_hal_gpio.o
 .debug_macro   0x0001724a      0x20f ./Drivers/STM32F1xx_HAL_Driver/Src/stm32f1xx_hal_i2c.o
 .debug_macro   0x00017459      0x221 ./Drivers/STM32F1xx_HAL_Driver/Src/stm32f1xx_hal_pwr.o
 .debug_macro   0x0001767a      0x1d3 ./Drivers/STM32F1xx_HAL_Driver/Src/stm32f1xx_hal_rcc.o
 .debug_macro   0x0001784d      0x1c1 ./Drivers/STM32F1xx_HAL_Driver/Src/stm32f1xx_hal_rcc_ex.o
 .debug_macro   0x00017a0e      0x1d0 ./Drivers/STM32F1xx_HAL_Driver/Src/stm32f1xx_hal_rtc.o
 .debug_macro   0x00017bde      0x1c2 ./Drivers/STM32F1xx_HAL_Driver/Src/stm32f1xx_hal_tim.o
 .debug_macro   0x00017da0      0x1c1 ./Drivers/STM32F1xx_HAL_Driver/Src/stm32f1xx_hal_tim_ex.o
 .debug_macro   0x00017f61      0x1c2 ./Drivers/STM32F1xx_HAL_Driver/Src/stm32f1xx_hal_uart.o

.debug_line     0x00000000    0x14a0b
 .debug_line    0x00000000      0x7f8 ./Core/Src/i2c-lcd.o
 .debug_line    0x000007f8      0xa8c ./Core/Src/main.o
 .debug_line    0x00001284      0xaa2 ./Core/Src/state_machine.o
 .debug_line    0x00001d26      0x8a6 ./Core/Src/stm32f1xx_hal_msp.o
 .debug_line    0x000025cc      0x87a ./Core/Src/stm32f1xx_it.o
 .debug_line    0x00002e46      0x7c3 ./Core/Src/system_stm32f1xx.o
 .debug_line    0x00003609      0xd7e ./Core/Src/utils.o
 .debug_line    0x00004387       0x78 ./Core/Startup/startup_stm32f103rbtx.o
 .debug_line    0x000043ff      0x9f0 ./Drivers/STM32F1xx_HAL_Driver/Src/stm32f1xx_hal.o
 .debug_line    0x00004def      0xbdc ./Drivers/STM32F1xx_HAL_Driver/Src/stm32f1xx_hal_cortex.o
 .debug_line    0x000059cb      0xa89 ./Drivers/STM32F1xx_HAL_Driver/Src/stm32f1xx_hal_gpio.o
 .debug_line    0x00006454     0x3c8d ./Drivers/STM32F1xx_HAL_Driver/Src/stm32f1xx_hal_i2c.o
 .debug_line    0x0000a0e1      0x972 ./Drivers/STM32F1xx_HAL_Driver/Src/stm32f1xx_hal_pwr.o
 .debug_line    0x0000aa53      0xdf9 ./Drivers/STM32F1xx_HAL_Driver/Src/stm32f1xx_hal_rcc.o
 .debug_line    0x0000b84c      0x93a ./Drivers/STM32F1xx_HAL_Driver/Src/stm32f1xx_hal_rcc_ex.o
 .debug_line    0x0000c186     0x1162 ./Drivers/STM32F1xx_HAL_Driver/Src/stm32f1xx_hal_rtc.o
 .debug_line    0x0000d2e8     0x3515 ./Drivers/STM32F1xx_HAL_Driver/Src/stm32f1xx_hal_tim.o
 .debug_line    0x000107fd     0x193f ./Drivers/STM32F1xx_HAL_Driver/Src/stm32f1xx_hal_tim_ex.o
 .debug_line    0x0001213c     0x28cf ./Drivers/STM32F1xx_HAL_Driver/Src/stm32f1xx_hal_uart.o

.debug_str      0x00000000    0x8f1db
 .debug_str     0x00000000    0x86add ./Core/Src/i2c-lcd.o
                              0x86ea7 (size before relaxing)
 .debug_str     0x00086add     0x11f2 ./Core/Src/main.o
                              0x88175 (size before relaxing)
 .debug_str     0x00087ccf       0xee ./Core/Src/state_machine.o
                              0x86e2a (size before relaxing)
 .debug_str     0x00087dbd      0x140 ./Core/Src/stm32f1xx_hal_msp.o
                              0x87aee (size before relaxing)
 .debug_str     0x00087efd      0x12a ./Core/Src/stm32f1xx_it.o
                              0x8719a (size before relaxing)
 .debug_str     0x00088027       0x7e ./Core/Src/system_stm32f1xx.o
                              0x86a1b (size before relaxing)
 .debug_str     0x000880a5     0x39a5 ./Core/Src/utils.o
                              0x8ae24 (size before relaxing)
 .debug_str     0x0008ba4a       0x44 ./Core/Startup/startup_stm32f103rbtx.o
                                 0x84 (size before relaxing)
 .debug_str     0x0008ba8e      0x384 ./Drivers/STM32F1xx_HAL_Driver/Src/stm32f1xx_hal.o
                              0x8714e (size before relaxing)
 .debug_str     0x0008be12      0x294 ./Drivers/STM32F1xx_HAL_Driver/Src/stm32f1xx_hal_cortex.o
                              0x8709a (size before relaxing)
 .debug_str     0x0008c0a6      0x2b7 ./Drivers/STM32F1xx_HAL_Driver/Src/stm32f1xx_hal_gpio.o
                              0x86da1 (size before relaxing)
 .debug_str     0x0008c35d      0xbc3 ./Drivers/STM32F1xx_HAL_Driver/Src/stm32f1xx_hal_i2c.o
                              0x87ae2 (size before relaxing)
 .debug_str     0x0008cf20      0x4f5 ./Drivers/STM32F1xx_HAL_Driver/Src/stm32f1xx_hal_pwr.o
                              0x86f52 (size before relaxing)
 .debug_str     0x0008d415      0x1fd ./Drivers/STM32F1xx_HAL_Driver/Src/stm32f1xx_hal_rcc.o
                              0x86e4a (size before relaxing)
 .debug_str     0x0008d612       0x9f ./Drivers/STM32F1xx_HAL_Driver/Src/stm32f1xx_hal_rcc_ex.o
                              0x86b9a (size before relaxing)
 .debug_str     0x0008d6b1      0x2e6 ./Drivers/STM32F1xx_HAL_Driver/Src/stm32f1xx_hal_rtc.o
                              0x86f26 (size before relaxing)
 .debug_str     0x0008d997      0xda3 ./Drivers/STM32F1xx_HAL_Driver/Src/stm32f1xx_hal_tim.o
                              0x87e4c (size before relaxing)
 .debug_str     0x0008e73a      0x493 ./Drivers/STM32F1xx_HAL_Driver/Src/stm32f1xx_hal_tim_ex.o
                              0x87658 (size before relaxing)
 .debug_str     0x0008ebcd      0x60e ./Drivers/STM32F1xx_HAL_Driver/Src/stm32f1xx_hal_uart.o
                              0x874bb (size before relaxing)

.comment        0x00000000       0x43
 .comment       0x00000000       0x43 ./Core/Src/i2c-lcd.o
                                 0x44 (size before relaxing)
 .comment       0x00000043       0x44 ./Core/Src/main.o
 .comment       0x00000043       0x44 ./Core/Src/state_machine.o
 .comment       0x00000043       0x44 ./Core/Src/stm32f1xx_hal_msp.o
 .comment       0x00000043       0x44 ./Core/Src/stm32f1xx_it.o
 .comment       0x00000043       0x44 ./Core/Src/system_stm32f1xx.o
 .comment       0x00000043       0x44 ./Core/Src/utils.o
 .comment       0x00000043       0x44 ./Drivers/STM32F1xx_HAL_Driver/Src/stm32f1xx_hal.o
 .comment       0x00000043       0x44 ./Drivers/STM32F1xx_HAL_Driver/Src/stm32f1xx_hal_cortex.o
 .comment       0x00000043       0x44 ./Drivers/STM32F1xx_HAL_Driver/Src/stm32f1xx_hal_gpio.o
 .comment       0x00000043       0x44 ./Drivers/STM32F1xx_HAL_Driver/Src/stm32f1xx_hal_i2c.o
 .comment       0x00000043       0x44 ./Drivers/STM32F1xx_HAL_Driver/Src/stm32f1xx_hal_pwr.o
 .comment       0x00000043       0x44 ./Drivers/STM32F1xx_HAL_Driver/Src/stm32f1xx_hal_rcc.o
 .comment       0x00000043       0x44 ./Drivers/STM32F1xx_HAL_Driver/Src/stm32f1xx_hal_rcc_ex.o
 .comment       0x00000043       0x44 ./Drivers/STM32F1xx_HAL_Driver/Src/stm32f1xx_hal_rtc.o
 .comment       0x00000043       0x44 ./Drivers/STM32F1xx_HAL_Driver/Src/stm32f1xx_hal_tim.o
 .comment       0x00000043       0x44 ./Drivers/STM32F1xx_HAL_Driver/Src/stm32f1xx_hal_tim_ex.o
 .comment       0x00000043       0x44 ./Drivers/STM32F1xx_HAL_Driver/Src/stm32f1xx_hal_uart.o

.debug_frame    0x00000000     0x48fc
 .debug_frame   0x00000000       0xbc ./Core/Src/i2c-lcd.o
 .debug_frame   0x000000bc      0x1dc ./Core/Src/main.o
 .debug_frame   0x00000298       0x54 ./Core/Src/state_machine.o
 .debug_frame   0x000002ec      0x15c ./Core/Src/stm32f1xx_hal_msp.o
 .debug_frame   0x00000448      0x158 ./Core/Src/stm32f1xx_it.o
 .debug_frame   0x000005a0       0x58 ./Core/Src/system_stm32f1xx.o
 .debug_frame   0x000005f8      0x31c ./Core/Src/utils.o
 .debug_frame   0x00000914      0x334 ./Drivers/STM32F1xx_HAL_Driver/Src/stm32f1xx_hal.o
 .debug_frame   0x00000c48      0x428 ./Drivers/STM32F1xx_HAL_Driver/Src/stm32f1xx_hal_cortex.o
 .debug_frame   0x00001070      0x14c ./Drivers/STM32F1xx_HAL_Driver/Src/stm32f1xx_hal_gpio.o
 .debug_frame   0x000011bc      0xc84 ./Drivers/STM32F1xx_HAL_Driver/Src/stm32f1xx_hal_i2c.o
 .debug_frame   0x00001e40      0x270 ./Drivers/STM32F1xx_HAL_Driver/Src/stm32f1xx_hal_pwr.o
 .debug_frame   0x000020b0      0x218 ./Drivers/STM32F1xx_HAL_Driver/Src/stm32f1xx_hal_rcc.o
 .debug_frame   0x000022c8       0x80 ./Drivers/STM32F1xx_HAL_Driver/Src/stm32f1xx_hal_rcc_ex.o
 .debug_frame   0x00002348      0x434 ./Drivers/STM32F1xx_HAL_Driver/Src/stm32f1xx_hal_rtc.o
 .debug_frame   0x0000277c     0x11b8 ./Drivers/STM32F1xx_HAL_Driver/Src/stm32f1xx_hal_tim.o
 .debug_frame   0x00003934      0x638 ./Drivers/STM32F1xx_HAL_Driver/Src/stm32f1xx_hal_tim_ex.o
 .debug_frame   0x00003f6c      0x944 ./Drivers/STM32F1xx_HAL_Driver/Src/stm32f1xx_hal_uart.o
 .debug_frame   0x000048b0       0x20 C:/ST/STM32CubeIDE_1.17.0/STM32CubeIDE/plugins/com.st.stm32cube.ide.mcu.externaltools.gnu-tools-for-stm32.12.3.rel1.win32_1.1.0.202410251130/tools/bin/../lib/gcc/arm-none-eabi/12.3.1/../../../../arm-none-eabi/lib/thumb/v7-m/nofp\libc_nano.a(libc_a-memset.o)
 .debug_frame   0x000048d0       0x2c C:/ST/STM32CubeIDE_1.17.0/STM32CubeIDE/plugins/com.st.stm32cube.ide.mcu.externaltools.gnu-tools-for-stm32.12.3.rel1.win32_1.1.0.202410251130/tools/bin/../lib/gcc/arm-none-eabi/12.3.1/../../../../arm-none-eabi/lib/thumb/v7-m/nofp\libc_nano.a(libc_a-init.o)

.debug_line_str
                0x00000000       0x68
 .debug_line_str
                0x00000000       0x68 ./Core/Startup/startup_stm32f103rbtx.o
