../Core/Src/stm32f1xx_it.c:70:6:NMI_Handler	4	static
../Core/Src/stm32f1xx_it.c:85:6:HardFault_Handler	4	static
../Core/Src/stm32f1xx_it.c:100:6:MemManage_Handler	4	static
../Core/Src/stm32f1xx_it.c:115:6:BusFault_Handler	4	static
../Core/Src/stm32f1xx_it.c:130:6:UsageFault_Handler	4	static
../Core/Src/stm32f1xx_it.c:145:6:SVC_Handler	4	static
../Core/Src/stm32f1xx_it.c:157:6:DebugMon_Handler	4	static
../Core/Src/stm32f1xx_it.c:169:6:PendSV_Handler	4	static
../Core/Src/stm32f1xx_it.c:181:6:SysTick_Handler	8	static
../Core/Src/stm32f1xx_it.c:202:6:TIM2_IRQHandler	8	static
../Core/Src/stm32f1xx_it.c:216:6:TIM3_IRQHandler	8	static
../Core/Src/stm32f1xx_it.c:230:6:EXTI15_10_IRQHandler	8	static
