../Core/Src/utils.c:28:5:__io_putchar	16	static
../Core/Src/utils.c:38:7:itoa	40	static
../Core/Src/utils.c:61:6:showDateAndTime	96	static
../Core/Src/utils.c:169:6:feedMilka	16	static
../Core/Src/utils.c:177:6:checkButtonsPressed	8	static
../Core/Src/utils.c:197:6:handleLCDMonitor	8	static
../Core/Src/utils.c:266:6:handleIdleLCDMonitor	8	static
../Core/Src/utils.c:320:6:handleFeedLCDMonitor	8	static
../Core/Src/utils.c:332:6:handleMainManuLCDMonitor	8	static
../Core/Src/utils.c:344:6:handleFeedHourLCDMonitor	8	static
../Core/Src/utils.c:357:6:handleFeedMinuteLCDMonitor	8	static
../Core/Src/utils.c:370:6:handleFeedSecondLCDMonitor	8	static
../Core/Src/utils.c:383:6:handleTimeHourLCDMonitor	8	static
../Core/Src/utils.c:396:6:handleTimeMinuteLCDMonitor	8	static
../Core/Src/utils.c:409:6:handleTimeSecondLCDMonitor	8	static
../Core/Src/utils.c:422:6:handleFeedPeriodLCDMonitor	24	static
../Core/Src/utils.c:451:6:handleYearLCDMonitor	8	static
../Core/Src/utils.c:464:6:handleMonthLCDMonitor	8	static
../Core/Src/utils.c:477:6:handleDayLCDMonitor	8	static
../Core/Src/utils.c:490:6:showSelectedTime	24	static
../Core/Src/utils.c:538:6:showSelectedFeedTime	24	static
../Core/Src/utils.c:586:6:showSelectedDate	24	static
../Core/Src/utils.c:634:6:checkIfIsTimeToFeed	16	static
../Core/Src/utils.c:646:6:startFeeding	8	static
../Core/Src/utils.c:653:6:stopFeeding	8	static
